 hellfrui

 Timestamp is 3455d0e1 (Tue Oct 28 11:47:45 1997)

 Preferred load address is 20000000

 Start         Length     Name                   Class
 0001:00000000 000290f0H .text                   CODE
 0002:00000000 00001773H .rdata                  DATA
 0002:00001780 0000033eH .edata                  DATA
 0003:00000000 00000004H .CRT$XCA                DATA
 0003:00000004 00000004H .CRT$XCZ                DATA
 0003:00000008 00000004H .CRT$XIA                DATA
 0003:0000000c 00000004H .CRT$XIC                DATA
 0003:00000010 00000004H .CRT$XIZ                DATA
 0003:00000014 00000004H .CRT$XPA                DATA
 0003:00000018 00000004H .CRT$XPX                DATA
 0003:0000001c 00000004H .CRT$XPZ                DATA
 0003:00000020 00000004H .CRT$XTA                DATA
 0003:00000024 00000004H .CRT$XTZ                DATA
 0003:00000030 0000524cH .data                   DATA
 0003:00005280 00004ef0H .bss                    DATA
 0004:00000000 00000050H .idata$2                DATA
 0004:00000050 00000014H .idata$3                DATA
 0004:00000064 00000308H .idata$4                DATA
 0004:0000036c 00000308H .idata$5                DATA
 0004:00000674 0000099cH .idata$6                DATA
 0005:00000000 0000101cH .rsrc$01                DATA
 0005:00001020 00015050H .rsrc$02                DATA

  Address         Publics by Value              Rva+Base   Lib:Object

 0001:00000000       ?ArtFontSetHuge@@YAXXZ     20001000 f artfont.obj
 0001:00000010       ?ArtFontSetHugeGray@@YAXXZ 20001010 f artfont.obj
 0001:00000020       ?ArtFontSetBig@@YAXXZ      20001020 f artfont.obj
 0001:00000030       ?ArtFontSetBigGray@@YAXXZ  20001030 f artfont.obj
 0001:00000040       ?ArtFontSetMed@@YAXXZ      20001040 f artfont.obj
 0001:00000050       ?ArtFontSetMedGray@@YAXXZ  20001050 f artfont.obj
 0001:00000060       ?ArtFontSetSmall@@YAXXZ    20001060 f artfont.obj
 0001:00000070       ?ArtFontSetSmallGray@@YAXXZ 20001070 f artfont.obj
 0001:00000080       ?ArtFontSet@@YAXH@Z        20001080 f artfont.obj
 0001:00000100       ?ArtFontInit@@YAXXZ        20001100 f artfont.obj
 0001:00000160       ?ArtFontDestroy@@YAXXZ     20001160 f artfont.obj
 0001:00000260       ?ArtFontLoad@@YAHXZ        20001260 f artfont.obj
 0001:00000490       ?ArtFontHeight@@YAHXZ      20001490 f artfont.obj
 0001:000004c0       ?ArtFontGridWidth@@YAHXZ   200014c0 f artfont.obj
 0001:000004f0       ?ArtFontPixelWidth@@YAHPBD@Z 200014f0 f artfont.obj
 0001:00000590       ?ArtFontWordLen@@YAHPBD@Z  20001590 f artfont.obj
 0001:00000640       ?ArtFontDraw@@YAXPBDPAU_bmp@@HH@Z 20001640 f artfont.obj
 0001:00000840       ?FreeGlobalHeroArt@@YAXXZ  20001840 f connect.obj
 0001:00000950       ?LoadGlobalHeroArt@@YAHXZ  20001950 f connect.obj
 0001:00000b10       _UiArtCallback@32          20001b10 f connect.obj
 0001:00001070       _UiGetDataCallback@20      20002070 f connect.obj
 0001:00001240       _UiSoundCallback@12        20002240 f connect.obj
 0001:00001270       _UiAuthCallback@28         20002270 f connect.obj
 0001:00001610       _UiDrawDescCallback@32     20002610 f connect.obj
 0001:00001f10       _UiCategoryCallback@28     20002f10 f connect.obj
 0001:00001f40       ?GetPlayerCategory@@YAKPBD@Z 20002f40 f connect.obj
 0001:00002140       ?Txt2GameData@@YAHPADPAU_gamedata@@PAPAD2@Z 20003140 f connect.obj
 0001:00002200       ?GameData2Txt@@YAXPAU_gamedata@@PBD1PADH@Z 20003200 f connect.obj
 0001:00002270       ?Txt2HeroInfo@@YAHPADPAU_uiheroinfo@@@Z 20003270 f connect.obj
 0001:000023c0       ?HeroInfo2Txt@@YAXPAU_uiheroinfo@@PAD@Z 200033c0 f connect.obj
 0001:00002440       _UiCreateGameCriteria@8    20003440 f connect.obj
 0001:00002470       _UiCreatePlayerDescription@12 20003470 f connect.obj
 0001:000024a0       _UiCopyProtError@4         200034a0 f CopyProt.obj
 0001:000028c0       ?TryCreateGame@@YAHPAUHWND__@@@Z 200038c0 f cr8game.obj
 0001:00002a50       _UiCreateGameCallback@24   20003a50 f cr8game.obj
 0001:00003510       ?SelDiffLoadFocus@@YAXH@Z  20004510 f CreaDung.obj
 0001:00003520       ?SelDiffDialogProc@@YGHPAUHWND__@@IIJ@Z 20004520 f CreaDung.obj
 0001:00003da0       ?UiDoomCreateGame@@YAHPAU_SNETCREATEDATA@@PAU_SNETPROGRAMDATA@@PAU_SNETPLAYERDATA@@PAU_SNETUIDATA@@PAU_SNETVERSIONDATA@@PAKHPBD@Z 20004da0 f CreaDung.obj
 0001:00003e20       _UiGetDefaultStats@8       20004e20 f CreaHero.obj
 0001:00003e80       _UiCreditsDialog@4         20004e80 f credits.obj
 0001:00004600       ?DiabEditPaint@@YAXPAUHWND__@@@Z 20005600 f DiabEdit.obj
 0001:00004640       ?DiabEditRegisterClass@@YAXXZ 20005640 f DiabEdit.obj
 0001:00004d50       ?UiIsSpawned@@YAHXZ        20005d50 f Diabloui.obj
 0001:00004d60       _UiOnPaint@4               20005d60 f Diabloui.obj
 0001:00004d70       _UiSetBackgroundBitmap@20  20005d70 f Diabloui.obj
 0001:00004db0       _UiSetSpawned@4            20005db0 f Diabloui.obj
 0001:00004dc0       _UiInitialize@0            20005dc0 f Diabloui.obj
 0001:00004df0       _UiDestroy@0               20005df0 f Diabloui.obj
 0001:00004e10       _UiAppActivate@4           20005e10 f Diabloui.obj
 0001:00004e20       _DllMain@12                20005e20 f Diabloui.obj
 0001:00004e60       ?UiDirectLinkGame@@YAHKPAU_SNETPROGRAMDATA@@PAU_SNETPLAYERDATA@@PAU_SNETUIDATA@@PAU_SNETVERSIONDATA@@PAK@Z 20005e60 f DirLink.obj
 0001:000057d0       _UiBetaDisclaimer@4        200067d0 f disclaim.obj
 0001:00005a70       ?UiDoomButtonsInit@@YAXPAUHWND__@@PAHHH@Z 20006a70 f Doom.obj
 0001:00005e40       ?UiDoomButtonsReset@@YAXPAUHWND__@@PAHHH@Z 20006e40 f Doom.obj
 0001:00005f20       ?UiDoomStaticInit@@YAXPAUHWND__@@PAHH@Z 20006f20 f Doom.obj
 0001:00006160       ?UiDoomStaticReset@@YAXPAUHWND__@@PAHH@Z 20007160 f Doom.obj
 0001:00006250       ?UiDoomEditInit@@YAXPAUHWND__@@PAHH@Z 20007250 f Doom.obj
 0001:00006450       ?UiDoomEditReset@@YAXPAUHWND__@@PAHH@Z 20007450 f Doom.obj
 0001:000064d0       ?UiDoomCtrlsDestroy@@YAXPAUHWND__@@PAH@Z 200074d0 f Doom.obj
 0001:00006530       ?EnterDialDialogProc@@YGHPAUHWND__@@IIJ@Z 20007530 f EntrDial.obj
 0001:00006a50       ?EnterNameDialogProc@@YGHPAUHWND__@@IIJ@Z 20007a50 f EntrName.obj
 0001:00006f50       ?UiVidFade@@YAXHH@Z        20007f50 f Fade.obj
 0001:00007040       ?UiVidFadeOut@@YAXH@Z      20008040 f Fade.obj
 0001:000071d0       ?UiIsFading@@YAHXZ         200081d0 f Fade.obj
 0001:00007200       ?UiFadeAbort@@YAXPAUHWND__@@@Z 20008200 f Fade.obj
 0001:00007220       ?UiFadeInit@@YAXPAUHWND__@@H@Z 20008220 f Fade.obj
 0001:00007260       ?UiAltFadeInit@@YAXPAUHWND__@@@Z 20008260 f Fade.obj
 0001:00007280       ?UiFadeStart@@YAXPAUHWND__@@@Z 20008280 f Fade.obj
 0001:000072f0       ?FocusSnd@@YAXPAUHWND__@@@Z 200082f0 f Focus.obj
 0001:00007320       ?FocusWidth@@YAHXZ         20008320 f Focus.obj
 0001:00007330       ?FocusErase@@YAXPAUHWND__@@0@Z 20008330 f Focus.obj
 0001:000074d0       ?FocusLost@@YAXPAUHWND__@@0@Z 200084d0 f Focus.obj
 0001:00007510       ?FocusAnimate@@YAHPAUHWND__@@0@Z 20008510 f Focus.obj
 0001:00007670       ?FocusAnimateDestroy@@YAXXZ 20008670 f Focus.obj
 0001:000076c0       ?FocusReInit@@YAXXZ        200086c0 f Focus.obj
 0001:000076e0       ?FocusAnimateInit@@YAXPBD@Z 200086e0 f Focus.obj
 0001:000077f0       ?UiCreateIdentityPal@@YAXXZ 200087f0 f local.obj
 0001:000078b0       ?UiFreeIdentityPal@@YAXXZ  200088b0 f local.obj
 0001:000078e0       ?UiGetIdentityPal@@YAPAUHPALETTE__@@XZ 200088e0 f local.obj
 0001:000078f0       ?UiPaletteEntry@@YAPAUtagPALETTEENTRY@@H@Z 200088f0 f local.obj
 0001:00007900       ?UiClearPalette@@YAXPAUtagPALETTEENTRY@@@Z 20008900 f local.obj
 0001:00007950       ?UiLoadBmpFile@@YAHPBDPAPAEPAUtagSIZE@@@Z 20008950 f local.obj
 0001:000079f0       ?LoadArtFile@@YAHPAUHWND__@@0PBDKJ1PAPAEPAUtagSIZE@@H@Z 200089f0 f local.obj
 0001:00007b80       ?UiCalcNewRect@@YAXPAUtagRECT@@HH@Z 20008b80 f local.obj
 0001:00007be0       ?UiSetStaticBmp@@YAHPAUHWND__@@HPAEPAUtagSIZE@@@Z 20008be0 f local.obj
 0001:00007c60       ?UiSetBtnBmp@@YAXPAUHWND__@@KPAUtagRECT@@PAEPAUtagSIZE@@@Z 20008c60 f local.obj
 0001:00007ca0       ?UiSetButtonBitmaps@@YAXPAUHWND__@@PAHPAEPAUtagSIZE@@@Z 20008ca0 f local.obj
 0001:00007e50       ?UiSetTextYellow@@YAXPAUHDC__@@@Z 20008e50 f local.obj
 0001:00007e70       ?UiIsPtInWindow@@YAHPAUHWND__@@0HH@Z 20008e70 f local.obj
 0001:00007ef0       ?UiPaintBtn@@YAXPAUHWND__@@@Z 20008ef0 f local.obj
 0001:00007f20       ?UiOnPaintBtns@@YAXPAUHWND__@@PAH@Z 20008f20 f local.obj
 0001:00008040       ?UiActiveDownBtns@@YAXPAUHWND__@@PAH@Z 20009040 f local.obj
 0001:000081f0       ?UiFlushIOMessages@@YAXPAUHWND__@@@Z 200091f0 f local.obj
 0001:00008240       ?UiAllocBmp@@YAPAU_bmp@@XZ 20009240 f local.obj
 0001:000082a0       ?UiFreeBmp@@YAXPAU_bmp@@@Z 200092a0 f local.obj
 0001:000082f0       ?UiSetBmpText@@YAXPAU_bmp@@PBD@Z 200092f0 f local.obj
 0001:00008330       ?UiLoadCursor@@YAXXZ       20009330 f local.obj
 0001:00008480       ?UiDestroyCursor@@YAXXZ    20009480 f local.obj
 0001:000084f0       ?UiSetCursor@@YAXXZ        200094f0 f local.obj
 0001:00008520       ?UiClearCursor@@YAXXZ      20009520 f local.obj
 0001:00008540       ?UiSetWindowsCursors@@YAXPAUHWND__@@@Z 20009540 f local.obj
 0001:00008580       _UiLogonDialog@24          20009580 f Logon.obj
 0001:000088e0       ?GetRegStr@@YAPBDXZ        200098e0 f MainMenu.obj
 0001:000088f0       _UiMainMenuDialog@20       200098f0 f MainMenu.obj
 0001:00009020       ?ModemConnected@@YAHXZ     2000a020 f Modem.obj
 0001:00009030       ?ModemSetInfo@@YAXPAUHWND__@@PBD1@Z 2000a030 f Modem.obj
 0001:000090f0       ?ModemGameEnum@@YGHKPBD0@Z 2000a0f0 f Modem.obj
 0001:00009130       ?ModemEnum@@YAHXZ          2000a130 f Modem.obj
 0001:00009180       ?ModemGameName@@YAPBDXZ    2000a180 f Modem.obj
 0001:00009190       ?ModemJoinDone@@YAHXZ      2000a190 f Modem.obj
 0001:000091a0       ?ModemLastJoinedNumber@@YAHXZ 2000a1a0 f Modem.obj
 0001:000091b0       ?ModemGameNumber@@YAHPBD@Z 2000a1b0 f Modem.obj
 0001:00009210       ?UiModemGame@@YAHKPAU_SNETPROGRAMDATA@@PAU_SNETPLAYERDATA@@PAU_SNETUIDATA@@PAU_SNETVERSIONDATA@@PAK@Z 2000a210 f Modem.obj
 0001:00009bc0       ?ModmStatStatusCallback@@YGHPBDKKKP6GHXZ@Z 2000abc0 f ModmStat.obj
 0001:00009bf0       ?ModmStatDialog@@YAHPAUHWND__@@@Z 2000abf0 f ModmStat.obj
 0001:00009fd0       ?IsTextTooLarge@@YAHPAUHWND__@@PBD@Z 2000afd0 f OkCancel.obj
 0001:0000a0d0       ?UiOkCancelDialog@@YAHPAUHWND__@@PBDH@Z 2000b0d0 f OkCancel.obj
 0001:0000a570       ?UiOkDialog@@YAHPAUHWND__@@PBDH@Z 2000b570 f OkCancel.obj
 0001:0000a5c0       ?UiBigOkCancelDialog@@YAHPAUHWND__@@PBD1H@Z 2000b5c0 f OkCancel.obj
 0001:0000a610       ?UiBigOkDialog@@YAHPAUHWND__@@PBD1H@Z 2000b610 f OkCancel.obj
 0001:0000a660       _UiMessageBoxCallback@16   2000b660 f OkCancel.obj
 0001:0000a750       _UiProgressDialog@20       2000b750 f Progress.obj
 0001:0000ae40       ?SbarUpClick@@YAHPAUHWND__@@@Z 2000be40 f Sbar.obj
 0001:0000ae80       ?SbarInterpretClick@@YAHPAUHWND__@@HH@Z 2000be80 f Sbar.obj
 0001:0000afa0       ?SbarDraw@@YAXPAUHWND__@@HHH@Z 2000bfa0 f Sbar.obj
 0001:0000b1f0       ?SbarInit@@YAXPAUHWND__@@H@Z 2000c1f0 f Sbar.obj
 0001:0000b330       ?SbarDestroy@@YAXPAUHWND__@@H@Z 2000c330 f Sbar.obj
 0001:0000b440       ?SelClassDialogProc@@YGHPAUHWND__@@IIJ@Z 2000c440 f SelClass.obj
 0001:0000ba50       ?SelConnAllocNode@@YAPAU_provider@@XZ 2000ca50 f SelConn.obj
 0001:0000ba80       ?SelConnAddNode@@YAPAU_provider@@PAU1@0@Z 2000ca80 f SelConn.obj
 0001:0000ba90       ?SelConnDialogProc@@YGHPAUHWND__@@IIJ@Z 2000ca90 f SelConn.obj
 0001:0000d040       _UiSelectProvider@24       2000e040 f SelConn.obj
 0001:0000d100       ?SelDialSaveBookEntries@@YAXPBD@Z 2000e100 f SelDial.obj
 0001:0000d200       ?SelDialDialogProc@@YGHPAUHWND__@@IIJ@Z 2000e200 f SelDial.obj
 0001:0000dbd0       ?UiSetBasicInterface@@YAXH@Z 2000ebd0 f SelGame.obj
 0001:0000dbe0       ?UiIsBasicInterface@@YAHXZ 2000ebe0 f SelGame.obj
 0001:0000dbf0       ?UiSetProviderID@@YAXK@Z   2000ebf0 f SelGame.obj
 0001:0000dc00       ?UiGetProviderID@@YAKXZ    2000ec00 f SelGame.obj
 0001:0000dc10       _UiSelectGame@24           2000ec10 f SelGame.obj
 0001:0000dd10       ?GetHeroList@@YAPAU_uiheroinfo@@XZ 2000ed10 f SelHero.obj
 0001:0000dd20       ?GetNumHeros@@YAHXZ        2000ed20 f SelHero.obj
 0001:0000dd30       ?SelHeroSetDiff@@YAXH@Z    2000ed30 f SelHero.obj
 0001:0000dd40       ?SelectedName@@YAPBDXZ     2000ed40 f SelHero.obj
 0001:0000dd50       ?SelHeroAllocNode@@YAPAU_uiheroinfo@@XZ 2000ed50 f SelHero.obj
 0001:0000dd70       ?SelHeroAddNode@@YAPAU_uiheroinfo@@PAU1@0@Z 2000ed70 f SelHero.obj
 0001:0000dd80       ?SelHeroGetMode@@YAHXZ     2000ed80 f SelHero.obj
 0001:0000dd90       ?SelHeroGetDefStats@@YAXHPAU_uidefaultstats@@@Z 2000ed90 f SelHero.obj
 0001:0000ddb0       ?SelHeroClearStats@@YAXPAUHWND__@@@Z 2000edb0 f SelHero.obj
 0001:0000df50       ?SelHeroSetStats@@YAXPAUHWND__@@PAU_uiheroinfo@@@Z 2000ef50 f SelHero.obj
 0001:0000e130       ?SelHeroSetTitle@@YAXPAUHWND__@@PBD@Z 2000f130 f SelHero.obj
 0001:0000e180       ?IsNastyName@@YAHPBD@Z     2000f180 f SelHero.obj
 0001:0000e260       ?InvalidChars@@YAHPBD0@Z   2000f260 f SelHero.obj
 0001:0000e310       _UiSelHeroMultDialog@28    2000f310 f SelHero.obj
 0001:0000f250       _UiSelHeroSingDialog@32    20010250 f SelHero.obj
 0001:0000f310       ?SelIPXAllocNode@@YAPAU_ipxgame@@XZ 20010310 f SelIPX.obj
 0001:0000f340       ?UiSelectIPXGame@@YAHKPAU_SNETPROGRAMDATA@@PAU_SNETPLAYERDATA@@PAU_SNETUIDATA@@PAU_SNETVERSIONDATA@@PAK@Z 20010340 f SelIPX.obj
 0001:00011010       ?SelListDialogProc@@YGHPAUHWND__@@IIJ@Z 20012010 f SelList.obj
 0001:00012250       ?SelLoadDialogProc@@YGHPAUHWND__@@IIJ@Z 20013250 f SelLoad.obj
 0001:000126e0       ?UiSelectDevice@@YAHKPAU_SNETPROGRAMDATA@@PAU_SNETPLAYERDATA@@PAU_SNETUIDATA@@PAU_SNETVERSIONDATA@@@Z 200136e0 f SelModem.obj
 0001:00013aa0       ?SelYesNoDialog@@YAHPAUHWND__@@PBD1H@Z 20014aa0 f SelYesNo.obj
 0001:00013ee0       ?SelOkDialog@@YAHPAUHWND__@@PBD1H@Z 20014ee0 f SelYesNo.obj
 0001:00013f30       ?SpawnErrDialog@@YAHPAUHWND__@@HH@Z 20014f30 f SelYesNo.obj
 0001:00013fb0       _UiSupportDialog@4         20014fb0 f Support.obj
 0001:00014730       ?TitleLogoAnimate@@YAXPAUHWND__@@@Z 20015730 f Title.obj
 0001:00014870       ?TitleLogoDestroy@@YAXXZ   20015870 f Title.obj
 0001:000148f0       ?TitleLogoInit@@YAXPAUHWND__@@@Z 200158f0 f Title.obj
 0001:00014980       ?TitleFramesInit@@YAXPAUHWND__@@PBD@Z 20015980 f Title.obj
 0001:00014a80       _UiTitleDialog@4           20015a80 f Title.obj
 0001:00014de0       ?UiSndPlay@@YAXPBD@Z       20015de0 f UiSnd.obj
 0001:00014e00       ?UiSndSetFcn@@YAXP6GXPBD@Z@Z 20015e00 f UiSnd.obj
 0001:00014e10       ?UiSndInit@@YAXXZ          20015e10 f UiSnd.obj
 0001:00014e20       ?UiSndPlayClick@@YAXXZ     20015e20 f UiSnd.obj
 0001:00014e40       ?UiSndPlayEnter@@YAXXZ     20015e40 f UiSnd.obj
 0001:00014e52       _FreeResource@4            20015e52 f kernel32:KERNEL32.dll
 0001:00014e58       _LockResource@4            20015e58 f kernel32:KERNEL32.dll
 0001:00014e5e       _LoadResource@8            20015e5e f kernel32:KERNEL32.dll
 0001:00014e64       _FindResourceA@12          20015e64 f kernel32:KERNEL32.dll
 0001:00014e6a       _GetLastError@0            20015e6a f kernel32:KERNEL32.dll
 0001:00014e70       _MulDiv@12                 20015e70 f kernel32:KERNEL32.dll
 0001:00014e76       _SetLastError@4            20015e76 f kernel32:KERNEL32.dll
 0001:00014e7c       _SizeofResource@8          20015e7c f kernel32:KERNEL32.dll
 0001:00014e82       _GetModuleHandleA@4        20015e82 f kernel32:KERNEL32.dll
 0001:00014e88       _GlobalMemoryStatus@4      20015e88 f kernel32:KERNEL32.dll
 0001:00014e8e       _LoadCursorA@8             20015e8e f user32:USER32.dll
 0001:00014e94       _LoadStringA@16            20015e94 f user32:USER32.dll
 0001:00014e9a       _OffsetRect@12             20015e9a f user32:USER32.dll
 0001:00014ea0       _SetRect@20                20015ea0 f user32:USER32.dll
 0001:00014ea6       _SendMessageA@16           20015ea6 f user32:USER32.dll
 0001:00014eac       _GetWindowLongA@8          20015eac f user32:USER32.dll
 0001:00014eb2       _GetFocus@0                20015eb2 f user32:USER32.dll
 0001:00014eb8       _SetWindowTextA@8          20015eb8 f user32:USER32.dll
 0001:00014ebe       _GetDlgItem@8              20015ebe f user32:USER32.dll
 0001:00014ec4       _ShowCursor@4              20015ec4 f user32:USER32.dll
 0001:00014eca       _SetFocus@4                20015eca f user32:USER32.dll
 0001:00014ed0       _GetClientRect@8           20015ed0 f user32:USER32.dll
 0001:00014ed6       _SetWindowLongA@12         20015ed6 f user32:USER32.dll
 0001:00014edc       _InvalidateRect@12         20015edc f user32:USER32.dll
 0001:00014ee2       _SendDlgItemMessageA@20    20015ee2 f user32:USER32.dll
 0001:00014ee8       _wsprintfA                 20015ee8 f user32:USER32.dll
 0001:00014eee       _GetParent@4               20015eee f user32:USER32.dll
 0001:00014ef4       _PostMessageA@16           20015ef4 f user32:USER32.dll
 0001:00014efa       _GetWindowRect@8           20015efa f user32:USER32.dll
 0001:00014f00       _UpdateWindow@4            20015f00 f user32:USER32.dll
 0001:00014f06       _ScreenToClient@8          20015f06 f user32:USER32.dll
 0001:00014f0c       _EndPaint@8                20015f0c f user32:USER32.dll
 0001:00014f12       _BeginPaint@8              20015f12 f user32:USER32.dll
 0001:00014f18       _RegisterClassA@4          20015f18 f user32:USER32.dll
 0001:00014f1e       _DefWindowProcA@16         20015f1e f user32:USER32.dll
 0001:00014f24       _GetPropA@8                20015f24 f user32:USER32.dll
 0001:00014f2a       _SetPropA@12               20015f2a f user32:USER32.dll
 0001:00014f30       _GetWindowTextA@12         20015f30 f user32:USER32.dll
 0001:00014f36       _RemovePropA@8             20015f36 f user32:USER32.dll
 0001:00014f3c       _CallWindowProcA@20        20015f3c f user32:USER32.dll
 0001:00014f42       _PeekMessageA@20           20015f42 f user32:USER32.dll
 0001:00014f48       _ShowWindow@8              20015f48 f user32:USER32.dll
 0001:00014f4e       _ReleaseDC@8               20015f4e f user32:USER32.dll
 0001:00014f54       _DrawTextA@20              20015f54 f user32:USER32.dll
 0001:00014f5a       _GetDC@4                   20015f5a f user32:USER32.dll
 0001:00014f60       _MessageBoxA@16            20015f60 f user32:USER32.dll
 0001:00014f66       _EnableWindow@8            20015f66 f user32:USER32.dll
 0001:00014f6c       _DestroyWindow@4           20015f6c f user32:USER32.dll
 0001:00014f72       _DispatchMessageA@4        20015f72 f user32:USER32.dll
 0001:00014f78       _TranslateMessage@4        20015f78 f user32:USER32.dll
 0001:00014f7e       _IsDialogMessageA@8        20015f7e f user32:USER32.dll
 0001:00014f84       _PostQuitMessage@4         20015f84 f user32:USER32.dll
 0001:00014f8a       _IsWindow@4                20015f8a f user32:USER32.dll
 0001:00014f90       _IsWindowVisible@4         20015f90 f user32:USER32.dll
 0001:00014f96       _GetKeyState@4             20015f96 f user32:USER32.dll
 0001:00014f9c       _IsWindowEnabled@4         20015f9c f user32:USER32.dll
 0001:00014fa2       _GetCurrentPositionEx@8    20015fa2 f gdi32:GDI32.dll
 0001:00014fa8       _TextOutA@20               20015fa8 f gdi32:GDI32.dll
 0001:00014fae       _SetTextAlign@8            20015fae f gdi32:GDI32.dll
 0001:00014fb4       _MoveToEx@16               20015fb4 f gdi32:GDI32.dll
 0001:00014fba       _GetTextMetricsA@8         20015fba f gdi32:GDI32.dll
 0001:00014fc0       _ExtTextOutA@32            20015fc0 f gdi32:GDI32.dll
 0001:00014fc6       _SetBkColor@8              20015fc6 f gdi32:GDI32.dll
 0001:00014fcc       _SetTextColor@8            20015fcc f gdi32:GDI32.dll
 0001:00014fd2       _DeleteObject@4            20015fd2 f gdi32:GDI32.dll
 0001:00014fd8       _GetStockObject@4          20015fd8 f gdi32:GDI32.dll
 0001:00014fde       _CreateFontIndirectA@4     20015fde f gdi32:GDI32.dll
 0001:00014fe4       _GetObjectA@12             20015fe4 f gdi32:GDI32.dll
 0001:00014fea       _CreateFontA@56            20015fea f gdi32:GDI32.dll
 0001:00014ff0       _GetPaletteEntries@16      20015ff0 f gdi32:GDI32.dll
 0001:00014ff6       _CreatePalette@4           20015ff6 f gdi32:GDI32.dll
 0001:00014ffc       _SelectObject@8            20015ffc f gdi32:GDI32.dll
 0001:00015002       _STransDelete@4            20016002 f storm:storm.dll
 0001:00015008       _SMemFree@16               20016008 f storm:storm.dll
 0001:0001500e       _STransCreate@28           2001600e f storm:storm.dll
 0001:00015014       _SFileCloseFile@4          20016014 f storm:storm.dll
 0001:0001501a       _SFileReadFile@20          2001601a f storm:storm.dll
 0001:00015020       _SFileGetFileSize@8        20016020 f storm:storm.dll
 0001:00015026       _SFileOpenFile@8           20016026 f storm:storm.dll
 0001:0001502c       _STransBlt@20              2001602c f storm:storm.dll
 0001:00015032       _SMemAlloc@16              20016032 f storm:storm.dll
 0001:00015038       _SBmpLoadImage@28          20016038 f storm:storm.dll
 0001:0001503e       _SBltROP3@32               2001603e f storm:storm.dll
 0001:00015044       _SDlgBltToWindow@40        20016044 f storm:storm.dll
 0001:0001504a       _SDlgDialogBoxParam@20     2001604a f storm:storm.dll
 0001:00015050       _SDrawGetFrameWindow@4     20016050 f storm:storm.dll
 0001:00015056       _SDlgDefDialogProc@16      20016056 f storm:storm.dll
 0001:0001505c       _SDrawUpdatePalette@16     2001605c f storm:storm.dll
 0001:00015062       _SDlgSetBitmap@40          20016062 f storm:storm.dll
 0001:00015068       _SDlgEndDialog@8           20016068 f storm:storm.dll
 0001:0001506e       _SNetCreateGame@40         2001606e f storm:storm.dll
 0001:00015074       _SDlgSetControlBitmaps@28  20016074 f storm:storm.dll
 0001:0001507a       _SDlgSetTimer@16           2001607a f storm:storm.dll
 0001:00015080       _SDlgKillTimer@8           20016080 f storm:storm.dll
 0001:00015086       _SGdiDeleteObject@4        20016086 f storm:storm.dll
 0001:0001508c       _SGdiImportFont@8          2001608c f storm:storm.dll
 0001:00015092       _SGdiTextOut@24            20016092 f storm:storm.dll
 0001:00015098       _SGdiSetPitch@4            20016098 f storm:storm.dll
 0001:0001509e       _SGdiSelectObject@4        2001609e f storm:storm.dll
 0001:000150a4       _SDlgDrawBitmap@28         200160a4 f storm:storm.dll
 0001:000150aa       _SNetJoinGame@24           200160aa f storm:storm.dll
 0001:000150b0       _SNetEnumGames@16          200160b0 f storm:storm.dll
 0001:000150b6       _SDrawClearSurface@4       200160b6 f storm:storm.dll
 0001:000150bc       _SDlgEndPaint@8            200160bc f storm:storm.dll
 0001:000150c2       _SDlgBeginPaint@8          200160c2 f storm:storm.dll
 0001:000150c8       _SDlgSetSystemCursor@16    200160c8 f storm:storm.dll
 0001:000150ce       _SDlgSetCursor@16          200160ce f storm:storm.dll
 0001:000150d4       _SDlgCreateDialogParam@20  200160d4 f storm:storm.dll
 0001:000150da       _SDlgUpdateCursor@0        200160da f storm:storm.dll
 0001:000150e0       _SDlgCheckTimers@0         200160e0 f storm:storm.dll
 0001:000150e6       _SBltROP3Tiled@40          200160e6 f storm:storm.dll
 0001:000150ec       _SNetEnumProviders@8       200160ec f storm:storm.dll
 0001:000150f2       _SNetInitializeProvider@20 200160f2 f storm:storm.dll
 0001:000150f8       _SRegSaveString@16         200160f8 f storm:storm.dll
 0001:000150fe       _SRegLoadString@20         200160fe f storm:storm.dll
 0001:00015104       _SNetSelectGame@24         20016104 f storm:storm.dll
 0001:0001510a       _SNetEnumDevices@4         2001610a f storm:storm.dll
 0001:00015110       _SNetInitializeDevice@20   20016110 f storm:storm.dll
 0001:00015120       _memset                    20016120 f LIBCMTD:memset.obj
 0001:00015180       _strcpy                    20016180 f LIBCMTD:strcat.obj
 0001:00015190       _strcat                    20016190 f LIBCMTD:strcat.obj
 0001:00015270       _memcpy                    20016270 f LIBCMTD:memcpy.obj
 0001:000155b0       _sprintf                   200165b0 f LIBCMTD:sprintf.obj
 0001:000156b0       _atol                      200166b0 f LIBCMTD:atox.obj
 0001:000157b0       _atoi                      200167b0 f LIBCMTD:atox.obj
 0001:000157d0       __atoi64                   200167d0 f LIBCMTD:atox.obj
 0001:00015900       _strstr                    20016900 f LIBCMTD:strstr.obj
 0001:00015980       _strlen                    20016980 f LIBCMTD:strlen.obj
 0001:00015a00       _localtime                 20016a00 f LIBCMTD:localtim.obj
 0001:00015c70       _strchr                    20016c70 f LIBCMTD:strchr.obj
 0001:00015c76       ___from_strstr_to_strchr   20016c76   LIBCMTD:strchr.obj
 0001:00015d30       _sscanf                    20016d30 f LIBCMTD:sscanf.obj
 0001:00015df0       _strncpy                   20016df0 f LIBCMTD:strncpy.obj
 0001:00015ef0       __beginthread              20016ef0 f LIBCMTD:thread.obj
 0001:00016080       __endthread                20017080 f LIBCMTD:thread.obj
 0001:000160e0       _strcmp                    200170e0 f LIBCMTD:strcmp.obj
 0001:00016170       __strlwr                   20017170 f LIBCMTD:strlwr.obj
 0001:00016330       _strpbrk                   20017330 f LIBCMTD:strpbrk.obj
 0001:00016370       __strcmpi                  20017370 f LIBCMTD:stricmp.obj
 0001:00016370       _stricmp                   20017370 f LIBCMTD:stricmp.obj
 0001:00016370       __stricmp                  20017370 f LIBCMTD:stricmp.obj
 0001:00016440       __CRT_INIT@12              20017440 f LIBCMTD:dllcrt0.obj
 0001:00016610       __DllMainCRTStartup@12     20017610 f LIBCMTD:dllcrt0.obj
 0001:00016710       __amsg_exit                20017710 f LIBCMTD:dllcrt0.obj
 0001:00016750       __flsbuf                   20017750 f LIBCMTD:_flsbuf.obj
 0001:000169d0       __output                   200179d0 f LIBCMTD:output.obj
 0001:00017870       __CrtDbgBreak              20018870 f LIBCMTD:dbgrpt.obj
 0001:00017880       __CrtSetReportMode         20018880 f LIBCMTD:dbgrpt.obj
 0001:000178e0       __CrtSetReportFile         200188e0 f LIBCMTD:dbgrpt.obj
 0001:00017960       __CrtSetReportHook         20018960 f LIBCMTD:dbgrpt.obj
 0001:00017980       __CrtDbgReport             20018980 f LIBCMTD:dbgrpt.obj
 0001:00018020       __isctype                  20019020 f LIBCMTD:isctype.obj
 0001:000180e0       __allmul                   200190e0 f LIBCMTD:llmul.obj
 0001:00018120       ___tzset                   20019120 f LIBCMTD:tzset.obj
 0001:00018160       __tzset                    20019160 f LIBCMTD:tzset.obj
 0001:000184e0       __isindst                  200194e0 f LIBCMTD:tzset.obj
 0001:00018a10       _gmtime                    20019a10 f LIBCMTD:gmtime.obj
 0001:00018c10       __input                    20019c10 f LIBCMTD:input.obj
 0001:0001a120       __dosmaperr                2001b120 f LIBCMTD:dosmap.obj
 0001:0001a1c0       __errno                    2001b1c0 f LIBCMTD:dosmap.obj
 0001:0001a1d0       ___doserrno                2001b1d0 f LIBCMTD:dosmap.obj
 0001:0001a1e0       _malloc                    2001b1e0 f LIBCMTD:dbgheap.obj
 0001:0001a200       __malloc_dbg               2001b200 f LIBCMTD:dbgheap.obj
 0001:0001a230       __nh_malloc                2001b230 f LIBCMTD:dbgheap.obj
 0001:0001a250       __nh_malloc_dbg            2001b250 f LIBCMTD:dbgheap.obj
 0001:0001a2b0       __heap_alloc               2001b2b0 f LIBCMTD:dbgheap.obj
 0001:0001a2d0       __heap_alloc_dbg           2001b2d0 f LIBCMTD:dbgheap.obj
 0001:0001a5f0       _calloc                    2001b5f0 f LIBCMTD:dbgheap.obj
 0001:0001a610       __calloc_dbg               2001b610 f LIBCMTD:dbgheap.obj
 0001:0001a670       _realloc                   2001b670 f LIBCMTD:dbgheap.obj
 0001:0001a690       __realloc_dbg              2001b690 f LIBCMTD:dbgheap.obj
 0001:0001abf0       __expand                   2001bbf0 f LIBCMTD:dbgheap.obj
 0001:0001ac10       __expand_dbg               2001bc10 f LIBCMTD:dbgheap.obj
 0001:0001ac50       _free                      2001bc50 f LIBCMTD:dbgheap.obj
 0001:0001ac70       __free_lk                  2001bc70 f LIBCMTD:dbgheap.obj
 0001:0001ac90       __free_dbg                 2001bc90 f LIBCMTD:dbgheap.obj
 0001:0001acc0       __free_dbg_lk              2001bcc0 f LIBCMTD:dbgheap.obj
 0001:0001b0b0       __msize                    2001c0b0 f LIBCMTD:dbgheap.obj
 0001:0001b0d0       __msize_dbg                2001c0d0 f LIBCMTD:dbgheap.obj
 0001:0001b230       __CrtSetBreakAlloc         2001c230 f LIBCMTD:dbgheap.obj
 0001:0001b250       __CrtSetDbgBlockType       2001c250 f LIBCMTD:dbgheap.obj
 0001:0001b2f0       __CrtSetAllocHook          2001c2f0 f LIBCMTD:dbgheap.obj
 0001:0001b3a0       __CrtCheckMemory           2001c3a0 f LIBCMTD:dbgheap.obj
 0001:0001b710       __CrtSetDbgFlag            2001c710 f LIBCMTD:dbgheap.obj
 0001:0001b740       __CrtDoForAllClientObjects 2001c740 f LIBCMTD:dbgheap.obj
 0001:0001b7b0       __CrtIsValidPointer        2001c7b0 f LIBCMTD:dbgheap.obj
 0001:0001b800       __CrtIsValidHeapPointer    2001c800 f LIBCMTD:dbgheap.obj
 0001:0001b890       __CrtIsMemoryBlock         2001c890 f LIBCMTD:dbgheap.obj
 0001:0001b980       __CrtSetDumpClient         2001c980 f LIBCMTD:dbgheap.obj
 0001:0001b9a0       __CrtMemCheckpoint         2001c9a0 f LIBCMTD:dbgheap.obj
 0001:0001bb10       __CrtMemDifference         2001cb10 f LIBCMTD:dbgheap.obj
 0001:0001bc40       __CrtMemDumpAllObjectsSince 2001cc40 f LIBCMTD:dbgheap.obj
 0001:0001c020       __CrtDumpMemoryLeaks       2001d020 f LIBCMTD:dbgheap.obj
 0001:0001c0a0       __CrtMemDumpStatistics     2001d0a0 f LIBCMTD:dbgheap.obj
 0001:0001c170       __mtinit                   2001d170 f LIBCMTD:tidtable.obj
 0001:0001c200       __mtterm                   2001d200 f LIBCMTD:tidtable.obj
 0001:0001c230       __initptd                  2001d230 f LIBCMTD:tidtable.obj
 0001:0001c250       __getptd                   2001d250 f LIBCMTD:tidtable.obj
 0001:0001c2f0       __freeptd                  2001d2f0 f LIBCMTD:tidtable.obj
 0001:0001c3e0       ___threadid                2001d3e0 f LIBCMTD:tidtable.obj
 0001:0001c3f0       ___threadhandle            2001d3f0 f LIBCMTD:tidtable.obj
 0001:0001c400       __cinit                    2001d400 f LIBCMTD:crt0dat.obj
 0001:0001c440       _exit                      2001d440 f LIBCMTD:crt0dat.obj
 0001:0001c460       __exit                     2001d460 f LIBCMTD:crt0dat.obj
 0001:0001c480       __cexit                    2001d480 f LIBCMTD:crt0dat.obj
 0001:0001c4a0       __c_exit                   2001d4a0 f LIBCMTD:crt0dat.obj
 0001:0001c5b0       __lockexit                 2001d5b0 f LIBCMTD:crt0dat.obj
 0001:0001c5c0       __unlockexit               2001d5c0 f LIBCMTD:crt0dat.obj
 0001:0001c600       __XcptFilter               2001d600 f LIBCMTD:winxfltr.obj
 0001:0001c81c       __global_unwind2           2001d81c f LIBCMTD:exsup.obj
 0001:0001c85e       __local_unwind2            2001d85e f LIBCMTD:exsup.obj
 0001:0001c8b6       __NLG_Return2              2001d8b6   LIBCMTD:exsup.obj
 0001:0001c8c6       __abnormal_termination     2001d8c6 f LIBCMTD:exsup.obj
 0001:0001c8e9       __NLG_Notify1              2001d8e9 f LIBCMTD:exsup.obj
 0001:0001c8f2       __NLG_Notify               2001d8f2 f LIBCMTD:exsup.obj
 0001:0001c905       __NLG_Dispatch             2001d905   LIBCMTD:exsup.obj
 0001:0001c914       __except_handler3          2001d914 f LIBCMTD:exsup3.obj
 0001:0001c9d1       __seh_longjmp_unwind@4     2001d9d1 f LIBCMTD:exsup3.obj
 0001:0001c9f0       ___crtLCMapStringW         2001d9f0 f LIBCMTD:aw_map.obj
 0001:0001cd00       ___crtLCMapStringA         2001dd00 f LIBCMTD:aw_map.obj
 0001:0001d010       __mtinitlocks              2001e010 f LIBCMTD:mlock.obj
 0001:0001d050       __mtdeletelocks            2001e050 f LIBCMTD:mlock.obj
 0001:0001d0f0       __lock                     2001e0f0 f LIBCMTD:mlock.obj
 0001:0001d190       __unlock                   2001e190 f LIBCMTD:mlock.obj
 0001:0001d1b0       __lock_file                2001e1b0 f LIBCMTD:mlock.obj
 0001:0001d1f0       __lock_file2               2001e1f0 f LIBCMTD:mlock.obj
 0001:0001d220       __unlock_file              2001e220 f LIBCMTD:mlock.obj
 0001:0001d260       __unlock_file2             2001e260 f LIBCMTD:mlock.obj
 0001:0001d290       __lockerr_exit             2001e290 f LIBCMTD:mlock.obj
 0001:0001d2b0       _setlocale                 2001e2b0 f LIBCMTD:setlocal.obj
 0001:0001d930       __expandlocale             2001e930 f LIBCMTD:setlocal.obj
 0001:0001dac0       ___init_dummy              2001eac0 f LIBCMTD:setlocal.obj
 0001:0001dad0       __strcats                  2001ead0 f LIBCMTD:setlocal.obj
 0001:0001db20       ___lc_strtolc              2001eb20 f LIBCMTD:setlocal.obj
 0001:0001dc80       ___lc_lctostr              2001ec80 f LIBCMTD:setlocal.obj
 0001:0001dcf0       __tolower                  2001ecf0 f LIBCMTD:tolower.obj
 0001:0001dd00       _tolower                   2001ed00 f LIBCMTD:tolower.obj
 0001:0001dda0       __tolower_lk               2001eda0 f LIBCMTD:tolower.obj
 0001:0001ded0       __ioinit                   2001eed0 f LIBCMTD:ioinit.obj
 0001:0001e200       __ioterm                   2001f200 f LIBCMTD:ioinit.obj
 0001:0001e2a0       __setenvp                  2001f2a0 f LIBCMTD:stdenvp.obj
 0001:0001e3e0       __setargv                  2001f3e0 f LIBCMTD:stdargv.obj
 0001:0001e8e0       __setmbcp                  2001f8e0 f LIBCMTD:mbctype.obj
 0001:0001ed50       __getmbcp                  2001fd50 f LIBCMTD:mbctype.obj
 0001:0001ed60       ___initmbctable            2001fd60 f LIBCMTD:mbctype.obj
 0001:0001ed70       ___crtGetEnvironmentStringsW 2001fd70 f LIBCMTD:aw_env.obj
 0001:0001eff0       ___crtGetEnvironmentStringsA 2001fff0 f LIBCMTD:aw_env.obj
 0001:0001f210       __heap_init                20020210 f LIBCMTD:heapinit.obj
 0001:0001f260       __heap_term                20020260 f LIBCMTD:heapinit.obj
 0001:0001f2b0       __set_error_mode           200202b0 f LIBCMTD:errmode.obj
 0001:0001f300       ___set_app_type            20020300 f LIBCMTD:errmode.obj
 0001:0001f310       __FF_MSGBANNER             20020310 f LIBCMTD:crt0msg.obj
 0001:0001f360       __NMSG_WRITE               20020360 f LIBCMTD:crt0msg.obj
 0001:0001f560       __GET_RTERRMSG             20020560 f LIBCMTD:crt0msg.obj
 0001:0001f5b0       __lseek                    200205b0 f LIBCMTD:lseek.obj
 0001:0001f640       __lseek_lk                 20020640 f LIBCMTD:lseek.obj
 0001:0001f700       __write                    20020700 f LIBCMTD:write.obj
 0001:0001f790       __write_lk                 20020790 f LIBCMTD:write.obj
 0001:0001fa10       __getbuf                   20020a10 f LIBCMTD:_getbuf.obj
 0001:0001fae0       __isatty                   20020ae0 f LIBCMTD:isatty.obj
 0001:0001fb20       ___initstdio               20020b20 f LIBCMTD:_file.obj
 0001:0001fc50       ___endstdio                20020c50 f LIBCMTD:_file.obj
 0001:0001fc70       _wctomb                    20020c70 f LIBCMTD:wctomb.obj
 0001:0001fcf0       __wctomb_lk                20020cf0 f LIBCMTD:wctomb.obj
 0001:0001fd90       __aulldiv                  20020d90 f LIBCMTD:ulldiv.obj
 0001:0001fe00       __aullrem                  20020e00 f LIBCMTD:ullrem.obj
 0001:0001fe80       __itoa                     20020e80 f LIBCMTD:xtoa.obj
 0001:0001fe80       _itoa                      20020e80 f LIBCMTD:xtoa.obj
 0001:0001ffa0       __ltoa                     20020fa0 f LIBCMTD:xtoa.obj
 0001:0001ffe0       __ultoa                    20020fe0 f LIBCMTD:xtoa.obj
 0001:00020000       __i64toa                   20021000 f LIBCMTD:xtoa.obj
 0001:00020130       __ui64toa                  20021130 f LIBCMTD:xtoa.obj
 0001:00020150       __snprintf                 20021150 f LIBCMTD:snprintf.obj
 0001:00020250       __vsnprintf                20021250 f LIBCMTD:vsnprint.obj
 0001:00020350       __chkstk                   20021350   LIBCMTD:chkstk.obj
 0001:00020350       __alloca_probe             20021350   LIBCMTD:chkstk.obj
 0001:00020380       _signal                    20021380 f LIBCMTD:winsig.obj
 0001:00020650       _raise                     20021650 f LIBCMTD:winsig.obj
 0001:00020900       ___fpecode                 20021900 f LIBCMTD:winsig.obj
 0001:00020910       ___pxcptinfoptrs           20021910 f LIBCMTD:winsig.obj
 0001:00020920       ___crtMessageBoxA          20021920 f LIBCMTD:crtmbox.obj
 0001:000209e0       ___crtGetStringTypeW       200219e0 f LIBCMTD:aw_str.obj
 0001:00020bf0       ___crtGetStringTypeA       20021bf0 f LIBCMTD:aw_str.obj
 0001:00020d50       _wcstombs                  20021d50 f LIBCMTD:wcstombs.obj
 0001:00020dd0       __wcstombs_lk              20021dd0 f LIBCMTD:wcstombs.obj
 0001:00021130       _getenv                    20022130 f LIBCMTD:getenv.obj
 0001:00021160       __getenv_lk                20022160 f LIBCMTD:getenv.obj
 0001:00021220       _mbtowc                    20022220 f LIBCMTD:mbtowc.obj
 0001:000212a0       __mbtowc_lk                200222a0 f LIBCMTD:mbtowc.obj
 0001:00021400       _isalpha                   20022400 f LIBCMTD:_ctype.obj
 0001:00021450       _isupper                   20022450 f LIBCMTD:_ctype.obj
 0001:00021490       _islower                   20022490 f LIBCMTD:_ctype.obj
 0001:000214d0       _isdigit                   200224d0 f LIBCMTD:_ctype.obj
 0001:00021510       _isxdigit                  20022510 f LIBCMTD:_ctype.obj
 0001:00021560       _isspace                   20022560 f LIBCMTD:_ctype.obj
 0001:000215a0       _ispunct                   200225a0 f LIBCMTD:_ctype.obj
 0001:000215e0       _isalnum                   200225e0 f LIBCMTD:_ctype.obj
 0001:00021630       _isprint                   20022630 f LIBCMTD:_ctype.obj
 0001:00021680       _isgraph                   20022680 f LIBCMTD:_ctype.obj
 0001:000216d0       _iscntrl                   200226d0 f LIBCMTD:_ctype.obj
 0001:00021710       ___isascii                 20022710 f LIBCMTD:_ctype.obj
 0001:00021720       ___toascii                 20022720 f LIBCMTD:_ctype.obj
 0001:00021730       ___iscsymf                 20022730 f LIBCMTD:_ctype.obj
 0001:00021790       ___iscsym                  20022790 f LIBCMTD:_ctype.obj
 0001:000217f0       __allshl                   200227f0 f LIBCMTD:llshl.obj
 0001:00021810       __filbuf                   20022810 f LIBCMTD:_filbuf.obj
 0001:00021a00       _ungetc                    20022a00 f LIBCMTD:ungetc.obj
 0001:00021a70       __ungetc_lk                20022a70 f LIBCMTD:ungetc.obj
 0001:00021bb0       ?_set_new_handler@@YAP6AHI@ZP6AHI@Z@Z 20022bb0 f LIBCMTD:handler.obj
 0001:00021be0       ?_query_new_handler@@YAP6AHI@ZXZ 20022be0 f LIBCMTD:handler.obj
 0001:00021bf0       __callnewh                 20022bf0 f LIBCMTD:handler.obj
 0001:00021c20       __malloc_base              20022c20 f LIBCMTD:malloc.obj
 0001:00021c40       __nh_malloc_base           20022c40 f LIBCMTD:malloc.obj
 0001:00021cc0       __heap_alloc_base          20022cc0 f LIBCMTD:malloc.obj
 0001:00021d30       __CrtDefaultAllocHook      20022d30 f LIBCMTD:dbghook.obj
 0001:00021d40       __expand_base              20022d40 f LIBCMTD:expand.obj
 0001:00021e00       __realloc_base             20022e00 f LIBCMTD:realloc.obj
 0001:00022000       __free_base                20023000 f LIBCMTD:free.obj
 0001:00022080       __heapchk                  20023080 f LIBCMTD:heapchk.obj
 0001:00022100       __heapset                  20023100 f LIBCMTD:heapchk.obj
 0001:00022110       __get_sbh_threshold        20023110 f LIBCMTD:sbheap.obj
 0001:00022120       __set_sbh_threshold        20023120 f LIBCMTD:sbheap.obj
 0001:00022150       ___sbh_new_region          20023150 f LIBCMTD:sbheap.obj
 0001:00022330       ___sbh_release_region      20023330 f LIBCMTD:sbheap.obj
 0001:000223b0       ___sbh_decommit_pages      200233b0 f LIBCMTD:sbheap.obj
 0001:00022510       ___sbh_find_block          20023510 f LIBCMTD:sbheap.obj
 0001:000225a0       ___sbh_free_block          200235a0 f LIBCMTD:sbheap.obj
 0001:00022610       ___sbh_alloc_block         20023610 f LIBCMTD:sbheap.obj
 0001:000229d0       ___sbh_alloc_block_from_page 200239d0 f LIBCMTD:sbheap.obj
 0001:00022c80       ___sbh_resize_block        20023c80 f LIBCMTD:sbheap.obj
 0001:00022df0       ___sbh_heap_check          20023df0 f LIBCMTD:sbheap.obj
 0001:00023030       ___init_time               20024030 f LIBCMTD:inittime.obj
 0001:00023b70       ___init_numeric            20024b70 f LIBCMTD:initnum.obj
 0001:00023ea0       ___init_monetary           20024ea0 f LIBCMTD:initmon.obj
 0001:00024300       ___init_ctype              20025300 f LIBCMTD:initctyp.obj
 0001:000246a0       ___init_collate            200256a0 f LIBCMTD:initcoll.obj
 0001:000246b0       _strcspn                   200256b0 f LIBCMTD:strcspn.obj
 0001:000246f0       _strncmp                   200256f0 f LIBCMTD:strncmp.obj
 0001:00024730       ___get_qualified_locale    20025730 f LIBCMTD:getqloc.obj
 0001:00024dd0       _wcslen                    20025dd0 f LIBCMTD:wcslen.obj
 0001:00024e00       __alloc_osfhnd             20025e00 f LIBCMTD:osfinfo.obj
 0001:00024ff0       __set_osfhnd               20025ff0 f LIBCMTD:osfinfo.obj
 0001:000250b0       __free_osfhnd              200260b0 f LIBCMTD:osfinfo.obj
 0001:00025190       __get_osfhandle            20026190 f LIBCMTD:osfinfo.obj
 0001:00025200       __open_osfhandle           20026200 f LIBCMTD:osfinfo.obj
 0001:000252f0       __lock_fhandle             200262f0 f LIBCMTD:osfinfo.obj
 0001:00025380       __unlock_fhandle           20026380 f LIBCMTD:osfinfo.obj
 0001:000253b0       __fcloseall                200263b0 f LIBCMTD:closeall.obj
 0001:00025490       _fflush                    20026490 f LIBCMTD:fflush.obj
 0001:000254e0       __fflush_lk                200264e0 f LIBCMTD:fflush.obj
 0001:00025530       __flush                    20026530 f LIBCMTD:fflush.obj
 0001:000255f0       __flushall                 200265f0 f LIBCMTD:fflush.obj
 0001:00025740       __fptrap                   20026740 f LIBCMTD:crt0fp.obj
 0001:00025750       _memmove                   20026750 f LIBCMTD:memmove.obj
 0001:00025a90       __mbsnbicoll               20026a90 f LIBCMTD:mbsnbico.obj
 0001:00025ae0       ___wtomb_environ           20026ae0 f LIBCMTD:wtombenv.obj
 0001:00025b90       __read                     20026b90 f LIBCMTD:read.obj
 0001:00025c20       __read_lk                  20026c20 f LIBCMTD:read.obj
 0001:00026070       __Getdays                  20027070 f LIBCMTD:strftime.obj
 0001:000261a0       __Getmonths                200271a0 f LIBCMTD:strftime.obj
 0001:000262d0       __Gettnames                200272d0 f LIBCMTD:strftime.obj
 0001:00026640       _strftime                  20027640 f LIBCMTD:strftime.obj
 0001:00026660       __Strftime                 20027660 f LIBCMTD:strftime.obj
 0001:00027410       ___getlocaleinfo           20028410 f LIBCMTD:inithelp.obj
 0001:000276a0       _localeconv                200286a0 f LIBCMTD:lconv.obj
 0001:000276b0       ___crtGetLocaleInfoW       200286b0 f LIBCMTD:aw_loc.obj
 0001:00027830       ___crtGetLocaleInfoA       20028830 f LIBCMTD:aw_loc.obj
 0001:000279c0       _wcstol                    200289c0 f LIBCMTD:wcstol.obj
 0001:00027cc0       _wcstoul                   20028cc0 f LIBCMTD:wcstol.obj
 0001:00027ce0       _fclose                    20028ce0 f LIBCMTD:fclose.obj
 0001:00027d70       __fclose_lk                20028d70 f LIBCMTD:fclose.obj
 0001:00027e30       __commit                   20028e30 f LIBCMTD:commit.obj
 0001:00027f10       ___crtCompareStringW       20028f10 f LIBCMTD:aw_cmp.obj
 0001:00028210       ___crtCompareStringA       20029210 f LIBCMTD:aw_cmp.obj
 0001:00028620       ___crtsetenv               20029620 f LIBCMTD:setenv.obj
 0001:00028a70       _towupper                  20029a70 f LIBCMTD:towupper.obj
 0001:00028b20       __towupper_lk              20029b20 f LIBCMTD:towupper.obj
 0001:00028be0       _iswctype                  20029be0 f LIBCMTD:iswctype.obj
 0001:00028c60       _is_wctype                 20029c60 f LIBCMTD:iswctype.obj
 0001:00028c80       __close                    20029c80 f LIBCMTD:close.obj
 0001:00028d00       __close_lk                 20029d00 f LIBCMTD:close.obj
 0001:00028db0       __freebuf                  20029db0 f LIBCMTD:_freebuf.obj
 0001:00028e50       __mbschr                   20029e50 f LIBCMTD:mbschr.obj
 0001:00028f40       _ResumeThread@4            20029f40 f kernel32:KERNEL32.dll
 0001:00028f46       _CreateThread@24           20029f46 f kernel32:KERNEL32.dll
 0001:00028f4c       _TlsSetValue@8             20029f4c f kernel32:KERNEL32.dll
 0001:00028f52       _ExitThread@4              20029f52 f kernel32:KERNEL32.dll
 0001:00028f58       _CloseHandle@4             20029f58 f kernel32:KERNEL32.dll
 0001:00028f5e       _InterlockedDecrement@4    20029f5e f kernel32:KERNEL32.dll
 0001:00028f64       _InterlockedIncrement@4    20029f64 f kernel32:KERNEL32.dll
 0001:00028f6a       _GetCommandLineA@0         20029f6a f kernel32:KERNEL32.dll
 0001:00028f70       _GetProcAddress@8          20029f70 f kernel32:KERNEL32.dll
 0001:00028f76       _GetVersion@0              20029f76 f kernel32:KERNEL32.dll
 0001:00028f7c       _DebugBreak@0              20029f7c f kernel32:KERNEL32.dll
 0001:00028f82       _GetStdHandle@4            20029f82 f kernel32:KERNEL32.dll
 0001:00028f88       _WriteFile@20              20029f88 f kernel32:KERNEL32.dll
 0001:00028f8e       _OutputDebugStringA@4      20029f8e f kernel32:KERNEL32.dll
 0001:00028f94       _LoadLibraryA@4            20029f94 f kernel32:KERNEL32.dll
 0001:00028f9a       _GetModuleFileNameA@12     20029f9a f kernel32:KERNEL32.dll
 0001:00028fa0       _GetTimeZoneInformation@4  20029fa0 f kernel32:KERNEL32.dll
 0001:00028fa6       _IsBadWritePtr@8           20029fa6 f kernel32:KERNEL32.dll
 0001:00028fac       _IsBadReadPtr@8            20029fac f kernel32:KERNEL32.dll
 0001:00028fb2       _HeapValidate@12           20029fb2 f kernel32:KERNEL32.dll
 0001:00028fb8       _GetCurrentThreadId@0      20029fb8 f kernel32:KERNEL32.dll
 0001:00028fbe       _TlsAlloc@0                20029fbe f kernel32:KERNEL32.dll
 0001:00028fc4       _TlsFree@4                 20029fc4 f kernel32:KERNEL32.dll
 0001:00028fca       _TlsGetValue@4             20029fca f kernel32:KERNEL32.dll
 0001:00028fd0       _GetCurrentThread@0        20029fd0 f kernel32:KERNEL32.dll
 0001:00028fd6       _ExitProcess@4             20029fd6 f kernel32:KERNEL32.dll
 0001:00028fdc       _TerminateProcess@8        20029fdc f kernel32:KERNEL32.dll
 0001:00028fe2       _GetCurrentProcess@0       20029fe2 f kernel32:KERNEL32.dll
 0001:00028fe8       _UnhandledExceptionFilter@4 20029fe8 f kernel32:KERNEL32.dll
 0001:00028fee       _RtlUnwind@16              20029fee f kernel32:KERNEL32.dll
 0001:00028ff4       _MultiByteToWideChar@24    20029ff4 f kernel32:KERNEL32.dll
 0001:00028ffa       _WideCharToMultiByte@32    20029ffa f kernel32:KERNEL32.dll
 0001:00029000       _LCMapStringA@24           2002a000 f kernel32:KERNEL32.dll
 0001:00029006       _LCMapStringW@24           2002a006 f kernel32:KERNEL32.dll
 0001:0002900c       _InitializeCriticalSection@4 2002a00c f kernel32:KERNEL32.dll
 0001:00029012       _DeleteCriticalSection@4   2002a012 f kernel32:KERNEL32.dll
 0001:00029018       _EnterCriticalSection@4    2002a018 f kernel32:KERNEL32.dll
 0001:0002901e       _LeaveCriticalSection@4    2002a01e f kernel32:KERNEL32.dll
 0001:00029024       _FatalAppExitA@8           2002a024 f kernel32:KERNEL32.dll
 0001:0002902a       _Sleep@4                   2002a02a f kernel32:KERNEL32.dll
 0001:00029030       _SetHandleCount@4          2002a030 f kernel32:KERNEL32.dll
 0001:00029036       _GetFileType@4             2002a036 f kernel32:KERNEL32.dll
 0001:0002903c       _GetStartupInfoA@4         2002a03c f kernel32:KERNEL32.dll
 0001:00029042       _GetCPInfo@8               2002a042 f kernel32:KERNEL32.dll
 0001:00029048       _GetACP@0                  2002a048 f kernel32:KERNEL32.dll
 0001:0002904e       _GetOEMCP@0                2002a04e f kernel32:KERNEL32.dll
 0001:00029054       _FreeEnvironmentStringsA@4 2002a054 f kernel32:KERNEL32.dll
 0001:0002905a       _FreeEnvironmentStringsW@4 2002a05a f kernel32:KERNEL32.dll
 0001:00029060       _GetEnvironmentStrings@0   2002a060 f kernel32:KERNEL32.dll
 0001:00029066       _GetEnvironmentStringsW@0  2002a066 f kernel32:KERNEL32.dll
 0001:0002906c       _HeapDestroy@4             2002a06c f kernel32:KERNEL32.dll
 0001:00029072       _HeapCreate@12             2002a072 f kernel32:KERNEL32.dll
 0001:00029078       _VirtualFree@12            2002a078 f kernel32:KERNEL32.dll
 0001:0002907e       _SetFilePointer@16         2002a07e f kernel32:KERNEL32.dll
 0001:00029084       _SetConsoleCtrlHandler@8   2002a084 f kernel32:KERNEL32.dll
 0001:0002908a       _GetStringTypeA@20         2002a08a f kernel32:KERNEL32.dll
 0001:00029090       _GetStringTypeW@16         2002a090 f kernel32:KERNEL32.dll
 0001:00029096       _HeapAlloc@12              2002a096 f kernel32:KERNEL32.dll
 0001:0002909c       _HeapReAlloc@16            2002a09c f kernel32:KERNEL32.dll
 0001:000290a2       _HeapFree@12               2002a0a2 f kernel32:KERNEL32.dll
 0001:000290a8       _VirtualAlloc@16           2002a0a8 f kernel32:KERNEL32.dll
 0001:000290ae       _IsValidLocale@8           2002a0ae f kernel32:KERNEL32.dll
 0001:000290b4       _IsValidCodePage@4         2002a0b4 f kernel32:KERNEL32.dll
 0001:000290ba       _GetUserDefaultLCID@0      2002a0ba f kernel32:KERNEL32.dll
 0001:000290c0       _SetStdHandle@8            2002a0c0 f kernel32:KERNEL32.dll
 0001:000290c6       _ReadFile@20               2002a0c6 f kernel32:KERNEL32.dll
 0001:000290cc       _GetLocaleInfoA@16         2002a0cc f kernel32:KERNEL32.dll
 0001:000290d2       _GetLocaleInfoW@16         2002a0d2 f kernel32:KERNEL32.dll
 0001:000290d8       _FlushFileBuffers@4        2002a0d8 f kernel32:KERNEL32.dll
 0001:000290de       _CompareStringA@24         2002a0de f kernel32:KERNEL32.dll
 0001:000290e4       _CompareStringW@24         2002a0e4 f kernel32:KERNEL32.dll
 0001:000290ea       _SetEnvironmentVariableA@8 2002a0ea f kernel32:KERNEL32.dll
 0002:00000054       ??_C@_0P@LNLA@format?5?$CB?$DN?5NULL?$AA@ 2002b054   LIBCMTD:sprintf.obj
 0002:00000064       ??_C@_09NEAG@sprintf?4c?$AA@ 2002b064   LIBCMTD:sprintf.obj
 0002:00000070       ??_C@_0P@OOIN@string?5?$CB?$DN?5NULL?$AA@ 2002b070   LIBCMTD:sprintf.obj
 0002:00000080       ??_C@_08EJDA@sscanf?4c?$AA@ 2002b080   LIBCMTD:sscanf.obj
 0002:0000008c       ??_C@_08GEIE@thread?4c?$AA@ 2002b08c   LIBCMTD:thread.obj
 0002:000000a4       ??_C@_08FNDD@strlwr?4c?$AA@ 2002b0a4   LIBCMTD:strlwr.obj
 0002:000000b0       ??_C@_05EODD@IsTNT?$AA@    2002b0b0   LIBCMTD:dllcrt0.obj
 0002:000000b8       ??_C@_0N@IDOE@kernel32?4dll?$AA@ 2002b0b8   LIBCMTD:dllcrt0.obj
 0002:000000c8       ??_C@_0DP@IHIN@?$CI?$CCinconsistent?5IOB?5fields?$CC?0?5stre@ 2002b0c8   LIBCMTD:_flsbuf.obj
 0002:00000108       ??_C@_09LGEI@_flsbuf?4c?$AA@ 2002b108   LIBCMTD:_flsbuf.obj
 0002:00000114       ??_C@_0M@KJPK@str?5?$CB?$DN?5NULL?$AA@ 2002b114   LIBCMTD:_flsbuf.obj
 0002:00000120       ___lookuptable             2002b120   LIBCMTD:output.obj
 0002:0000017c       ??_C@_1O@POHA@?$AA?$CI?$AAn?$AAu?$AAl?$AAl?$AA?$CJ?$AA?$AA@ 2002b17c   LIBCMTD:output.obj
 0002:0000018c       ??_C@_06ONKE@?$CInull?$CJ?$AA@ 2002b18c   LIBCMTD:output.obj
 0002:00000194       ??_C@_08MIHI@output?4c?$AA@ 2002b194   LIBCMTD:output.obj
 0002:000001a0       ??_C@_0P@PIHB@ch?5?$CB?$DN?5_T?$CI?8?20?8?$CJ?$AA@ 2002b1a0   LIBCMTD:output.obj
 0002:000001b0       ??_C@_0BB@BLL@Assertion?5Failed?$AA@ 2002b1b0   LIBCMTD:dbgrpt.obj
 0002:000001c4       ??_C@_05CKBG@Error?$AA@    2002b1c4   LIBCMTD:dbgrpt.obj
 0002:000001cc       ??_C@_07JCGI@Warning?$AA@  2002b1cc   LIBCMTD:dbgrpt.obj
 0002:000001d4       ??_C@_0M@ODEP@?$CFs?$CI?$CFd?$CJ?5?3?5?$CFs?$AA@ 2002b1d4   LIBCMTD:dbgrpt.obj
 0002:000001e0       ??_C@_01BJG@?6?$AA@        2002b1e0   LIBCMTD:dbgrpt.obj
 0002:000001e4       ??_C@_01FEHD@?$AN?$AA@     2002b1e4   LIBCMTD:dbgrpt.obj
 0002:000001e8       ??_C@_0BC@OIMC@Assertion?5failed?$CB?$AA@ 2002b1e8   LIBCMTD:dbgrpt.obj
 0002:000001fc       ??_C@_0BD@BEAK@Assertion?5failed?3?5?$AA@ 2002b1fc   LIBCMTD:dbgrpt.obj
 0002:00000210       ??_C@_0CL@LCCP@_CrtDbgReport?3?5String?5too?5long?5o@ 2002b210   LIBCMTD:dbgrpt.obj
 0002:0000023c       ??_C@_0DC@EMDK@Second?5Chance?5Assertion?5Failed?3?5@ 2002b23c   LIBCMTD:dbgrpt.obj
 0002:00000270       ??_C@_09NJAK@wsprintfA?$AA@ 2002b270   LIBCMTD:dbgrpt.obj
 0002:0000027c       ??_C@_0L@HKL@user32?4dll?$AA@ 2002b27c   LIBCMTD:dbgrpt.obj
 0002:00000288       ??_C@_0CD@GCMD@Microsoft?5Visual?5C?$CL?$CL?5Debug?5Libra@ 2002b288   LIBCMTD:dbgrpt.obj
 0002:000002ac       ??_C@_0FD@EBDD@Debug?5?$CFs?$CB?6?6Program?3?5?$CFs?$CFs?$CFs?$CFs?$CFs?$CFs@ 2002b2ac   LIBCMTD:dbgrpt.obj
 0002:00000300       ??_C@_09DCKN@?6Module?3?5?$AA@ 2002b300   LIBCMTD:dbgrpt.obj
 0002:0000030c       ??_C@_07HJII@?6File?3?5?$AA@ 2002b30c   LIBCMTD:dbgrpt.obj
 0002:00000314       ??_C@_07LFGN@?6Line?3?5?$AA@ 2002b314   LIBCMTD:dbgrpt.obj
 0002:0000031c       ??_C@_02JJJH@?6?6?$AA@     2002b31c   LIBCMTD:dbgrpt.obj
 0002:00000320       ??_C@_0N@NOAB@Expression?3?5?$AA@ 2002b320   LIBCMTD:dbgrpt.obj
 0002:00000330       ??_C@_00A@?$AA@            2002b330   LIBCMTD:dbgrpt.obj
 0002:00000334       ??_C@_0HD@BHFH@?6?6For?5information?5on?5how?5your?5pr@ 2002b334   LIBCMTD:dbgrpt.obj
 0002:000003a8       ??_C@_03NAME@?4?4?4?$AA@   2002b3a8   LIBCMTD:dbgrpt.obj
 0002:000003ac       ??_C@_0BH@NNCD@?$DMprogram?5name?5unknown?$DO?$AA@ 2002b3ac   LIBCMTD:dbgrpt.obj
 0002:000003c4       ??_C@_08GFHP@dbgrpt?4c?$AA@ 2002b3c4   LIBCMTD:dbgrpt.obj
 0002:000003d0       ??_C@_0BG@FBEA@szUserMessage?5?$CB?$DN?5NULL?$AA@ 2002b3d0   LIBCMTD:dbgrpt.obj
 0002:000003e8       ___dnames                  2002b3e8   LIBCMTD:timeset.obj
 0002:00000400       ___mnames                  2002b400   LIBCMTD:timeset.obj
 0002:00000428       ??_C@_07DEKI@tzset?4c?$AA@ 2002b428   LIBCMTD:tzset.obj
 0002:00000430       ??_C@_02JHIA@TZ?$AA@       2002b430   LIBCMTD:tzset.obj
 0002:00000434       ??_C@_08LLGM@gmtime?4c?$AA@ 2002b434   LIBCMTD:gmtime.obj
 0002:00000440       ??_C@_0P@FHEA@stream?5?$CB?$DN?5NULL?$AA@ 2002b440   LIBCMTD:input.obj
 0002:00000450       ??_C@_07IEFA@input?4c?$AA@ 2002b450   LIBCMTD:input.obj
 0002:00000458       ??_C@_06DPMO@Client?$AA@   2002b458   LIBCMTD:dbgheap.obj
 0002:00000460       ??_C@_06BAFM@Ignore?$AA@   2002b460   LIBCMTD:dbgheap.obj
 0002:00000468       ??_C@_03DICE@CRT?$AA@      2002b468   LIBCMTD:dbgheap.obj
 0002:0000046c       ??_C@_06BILL@Normal?$AA@   2002b46c   LIBCMTD:dbgheap.obj
 0002:00000474       ??_C@_04NEN@Free?$AA@      2002b474   LIBCMTD:dbgheap.obj
 0002:0000047c       ??_C@_0DC@CGID@Error?3?5memory?5allocation?3?5bad?5me@ 2002b47c   LIBCMTD:dbgheap.obj
 0002:000004b0       ??_C@_0CE@FMIA@Invalid?5allocation?5size?3?5?$CFu?5byte@ 2002b4b0   LIBCMTD:dbgheap.obj
 0002:000004d4       ??_C@_02DILL@?$CFs?$AA@    2002b4d4   LIBCMTD:dbgheap.obj
 0002:000004d8       ??_C@_0CB@CPBI@Client?5hook?5allocation?5failure?4?6@ 2002b4d8   LIBCMTD:dbgheap.obj
 0002:000004fc       ??_C@_0DF@DKHF@Client?5hook?5allocation?5failure?5a@ 2002b4fc   LIBCMTD:dbgheap.obj
 0002:00000534       ??_C@_09IMJC@dbgheap?4c?$AA@ 2002b534   LIBCMTD:dbgheap.obj
 0002:00000540       ??_C@_0BC@EPKL@_CrtCheckMemory?$CI?$CJ?$AA@ 2002b540   LIBCMTD:dbgheap.obj
 0002:00000554       ??_C@_0BK@JDHA@_pFirstBlock?5?$DN?$DN?5pOldBlock?$AA@ 2002b554   LIBCMTD:dbgheap.obj
 0002:00000570       ??_C@_0BJ@NMEF@_pLastBlock?5?$DN?$DN?5pOldBlock?$AA@ 2002b570   LIBCMTD:dbgheap.obj
 0002:0000058c       ??_C@_0DC@BOCN@fRealloc?5?$HM?$HM?5?$CI?$CBfRealloc?5?$CG?$CG?5pNewBl@ 2002b58c   LIBCMTD:dbgheap.obj
 0002:000005c0       ??_C@_0DK@DKOM@_BLOCK_TYPE?$CIpOldBlock?9?$DOnBlockUse@ 2002b5c0   LIBCMTD:dbgheap.obj
 0002:000005fc       ??_C@_0EF@EDKM@pOldBlock?9?$DOnLine?5?$DN?$DN?5IGNORE_LINE?5@ 2002b5fc   LIBCMTD:dbgheap.obj
 0002:00000644       ??_C@_0CC@GPMO@_CrtIsValidHeapPointer?$CIpUserData@ 2002b644   LIBCMTD:dbgheap.obj
 0002:00000668       ??_C@_0CN@FHGE@Allocation?5too?5large?5or?5negative@ 2002b668   LIBCMTD:dbgheap.obj
 0002:00000698       ??_C@_0CE@EAMN@Client?5hook?5re?9allocation?5failur@ 2002b698   LIBCMTD:dbgheap.obj
 0002:000006bc       ??_C@_0DI@KKMM@Client?5hook?5re?9allocation?5failur@ 2002b6bc   LIBCMTD:dbgheap.obj
 0002:000006f4       ??_C@_0BG@JCEC@_pFirstBlock?5?$DN?$DN?5pHead?$AA@ 2002b6f4   LIBCMTD:dbgheap.obj
 0002:0000070c       ??_C@_0BF@NLNN@_pLastBlock?5?$DN?$DN?5pHead?$AA@ 2002b70c   LIBCMTD:dbgheap.obj
 0002:00000724       ??_C@_0BO@PLHH@pHead?9?$DOnBlockUse?5?$DN?$DN?5nBlockUse?$AA@ 2002b724   LIBCMTD:dbgheap.obj
 0002:00000744       ??_C@_0DN@KKIO@pHead?9?$DOnLine?5?$DN?$DN?5IGNORE_LINE?5?$CG?$CG?5p@ 2002b744   LIBCMTD:dbgheap.obj
 0002:00000784       ??_C@_0CK@OJNB@DAMAGE?3?5after?5?$CFhs?5block?5?$CI?$CD?$CFd?$CJ?5at@ 2002b784   LIBCMTD:dbgheap.obj
 0002:000007b0       ??_C@_0CL@IJIL@DAMAGE?3?5before?5?$CFhs?5block?5?$CI?$CD?$CFd?$CJ?5a@ 2002b7b0   LIBCMTD:dbgheap.obj
 0002:000007dc       ??_C@_0CH@PHOC@_BLOCK_TYPE_IS_VALID?$CIpHead?9?$DOnBlo@ 2002b7dc   LIBCMTD:dbgheap.obj
 0002:00000804       ??_C@_0BL@MBNA@Client?5hook?5free?5failure?4?6?$AA@ 2002b804   LIBCMTD:dbgheap.obj
 0002:00000820       ??_C@_0DK@EKKL@memory?5check?5error?5at?50x?$CF08X?5?$DN?50@ 2002b820   LIBCMTD:dbgheap.obj
 0002:0000085c       ??_C@_0CJ@GCII@?$CFhs?5located?5at?50x?$CF08X?5is?5?$CFu?5byte@ 2002b85c   LIBCMTD:dbgheap.obj
 0002:00000888       ??_C@_0CA@EJPI@?$CFhs?5allocated?5at?5file?5?$CFhs?$CI?$CFd?$CJ?4?6?$AA@ 2002b888   LIBCMTD:dbgheap.obj
 0002:000008a8       ??_C@_0CJ@LHHG@DAMAGE?3?5on?5top?5of?5Free?5block?5at?5@ 2002b8a8   LIBCMTD:dbgheap.obj
 0002:000008d4       ??_C@_07GJHM@DAMAGED?$AA@  2002b8d4   LIBCMTD:dbgheap.obj
 0002:000008dc       ??_C@_0CL@ODIE@_heapchk?5fails?5with?5unknown?5retu@ 2002b8dc   LIBCMTD:dbgheap.obj
 0002:00000908       ??_C@_0CC@EHNC@_heapchk?5fails?5with?5_HEAPBADPTR?4@ 2002b908   LIBCMTD:dbgheap.obj
 0002:0000092c       ??_C@_0CC@JNDP@_heapchk?5fails?5with?5_HEAPBADEND?4@ 2002b92c   LIBCMTD:dbgheap.obj
 0002:00000950       ??_C@_0CD@DNMG@_heapchk?5fails?5with?5_HEAPBADNODE@ 2002b950   LIBCMTD:dbgheap.obj
 0002:00000974       ??_C@_0CE@JMCB@_heapchk?5fails?5with?5_HEAPBADBEGI@ 2002b974   LIBCMTD:dbgheap.obj
 0002:00000998       ??_C@_0CD@MEMI@Bad?5memory?5block?5found?5at?50x?$CF08X@ 2002b998   LIBCMTD:dbgheap.obj
 0002:000009bc       ??_C@_0CI@GMAO@_CrtMemCheckPoint?3?5NULL?5state?5po@ 2002b9bc   LIBCMTD:dbgheap.obj
 0002:000009e4       ??_C@_0CI@MNAE@_CrtMemDifference?3?5NULL?5state?5po@ 2002b9e4   LIBCMTD:dbgheap.obj
 0002:00000a0c       ??_C@_0BH@PKIJ@Object?5dump?5complete?4?6?$AA@ 2002ba0c   LIBCMTD:dbgheap.obj
 0002:00000a24       ??_C@_0DB@DBPF@crt?5block?5at?50x?$CF08X?0?5subtype?5?$CFx?0@ 2002ba24   LIBCMTD:dbgheap.obj
 0002:00000a58       ??_C@_0CI@JLM@normal?5block?5at?50x?$CF08X?0?5?$CFu?5bytes@ 2002ba58   LIBCMTD:dbgheap.obj
 0002:00000a80       ??_C@_0DE@PFEA@client?5block?5at?50x?$CF08X?0?5subtype?5@ 2002ba80   LIBCMTD:dbgheap.obj
 0002:00000ab4       ??_C@_06MBCE@?$HL?$CFld?$HN?5?$AA@ 2002bab4   LIBCMTD:dbgheap.obj
 0002:00000abc       ??_C@_0L@BLDJ@?$CFhs?$CI?$CFd?$CJ?5?3?5?$AA@ 2002babc   LIBCMTD:dbgheap.obj
 0002:00000ac8       ??_C@_0BE@FEMA@?$CDFile?5Error?$CD?$CI?$CFd?$CJ?5?3?5?$AA@ 2002bac8   LIBCMTD:dbgheap.obj
 0002:00000adc       ??_C@_0BE@FPPM@Dumping?5objects?5?9?$DO?6?$AA@ 2002badc   LIBCMTD:dbgheap.obj
 0002:00000af0       ??_C@_0BA@POLM@?5Data?3?5?$DM?$CFs?$DO?5?$CFs?6?$AA@ 2002baf0   LIBCMTD:dbgheap.obj
 0002:00000b00       ??_C@_05JLAO@?$CF?42X?5?$AA@ 2002bb00   LIBCMTD:dbgheap.obj
 0002:00000b08       ??_C@_0BI@KONA@Detected?5memory?5leaks?$CB?6?$AA@ 2002bb08   LIBCMTD:dbgheap.obj
 0002:00000b20       ??_C@_0BP@LCCN@Total?5allocations?3?5?$CFld?5bytes?4?6?$AA@ 2002bb20   LIBCMTD:dbgheap.obj
 0002:00000b40       ??_C@_0CB@COID@Largest?5number?5used?3?5?$CFld?5bytes?4?6@ 2002bb40   LIBCMTD:dbgheap.obj
 0002:00000b64       ??_C@_0BO@MEJD@?$CFld?5bytes?5in?5?$CFld?5?$CFhs?5Blocks?4?6?$AA@ 2002bb64   LIBCMTD:dbgheap.obj
 0002:00000b84       ??_C@_0L@ENLJ@tidtable?4c?$AA@ 2002bb84   LIBCMTD:tidtable.obj
 0002:00000b90       ??_C@_08GINJ@aw_map?4c?$AA@ 2002bb90   LIBCMTD:aw_map.obj
 0002:00000b9c       ??_C@_01A@?$AA?$AA@        2002bb9c   LIBCMTD:aw_map.obj
 0002:00000ba0       ??_C@_13A@?$AA?$AA?$AA?$AA@ 2002bba0   LIBCMTD:aw_map.obj
 0002:00000ba4       ??_C@_07PDLA@mlock?4c?$AA@ 2002bba4   LIBCMTD:mlock.obj
 0002:00000bac       ??_C@_07PCLE@LC_TIME?$AA@  2002bbac   LIBCMTD:setlocal.obj
 0002:00000bb4       ??_C@_0L@NKG@LC_NUMERIC?$AA@ 2002bbb4   LIBCMTD:setlocal.obj
 0002:00000bc0       ??_C@_0M@CBIH@LC_MONETARY?$AA@ 2002bbc0   LIBCMTD:setlocal.obj
 0002:00000bcc       ??_C@_08LFGE@LC_CTYPE?$AA@ 2002bbcc   LIBCMTD:setlocal.obj
 0002:00000bd8       ??_C@_0L@CFLC@LC_COLLATE?$AA@ 2002bbd8   LIBCMTD:setlocal.obj
 0002:00000be4       ??_C@_06GCPK@LC_ALL?$AA@   2002bbe4   LIBCMTD:setlocal.obj
 0002:00000bec       ??_C@_01FAJB@?$DL?$AA@     2002bbec   LIBCMTD:setlocal.obj
 0002:00000bf0       ??_C@_02BGDO@?$DN?$DL?$AA@ 2002bbf0   LIBCMTD:setlocal.obj
 0002:00000bf4       ??_C@_0L@MOEE@setlocal?4c?$AA@ 2002bbf4   LIBCMTD:setlocal.obj
 0002:00000c00       ??_C@_01KPOD@?$DN?$AA@     2002bc00   LIBCMTD:setlocal.obj
 0002:00000c04       ??_C@_03DBOJ@_?4?0?$AA@    2002bc04   LIBCMTD:setlocal.obj
 0002:00000c08       ??_C@_01PJCK@?4?$AA@       2002bc08   LIBCMTD:setlocal.obj
 0002:00000c0c       ??_C@_01NON@_?$AA@         2002bc0c   LIBCMTD:setlocal.obj
 0002:00000c10       ??_C@_08KFDJ@ioinit?4c?$AA@ 2002bc10   LIBCMTD:ioinit.obj
 0002:00000c1c       ??_C@_09IGKD@stdenvp?4c?$AA@ 2002bc1c   LIBCMTD:stdenvp.obj
 0002:00000c28       ??_C@_09MPMN@stdargv?4c?$AA@ 2002bc28   LIBCMTD:stdargv.obj
 0002:00000c34       ??_C@_08FFKK@aw_env?4c?$AA@ 2002bc34   LIBCMTD:aw_env.obj
 0002:00000c40       ??_C@_0P@GGKG@runtime?5error?5?$AA@ 2002bc40   LIBCMTD:crt0msg.obj
 0002:00000c50       ??_C@_02PIMC@?$AN?6?$AA@   2002bc50   LIBCMTD:crt0msg.obj
 0002:00000c54       ??_C@_0O@DELO@TLOSS?5error?$AN?6?$AA@ 2002bc54   LIBCMTD:crt0msg.obj
 0002:00000c64       ??_C@_0N@OMLL@SING?5error?$AN?6?$AA@ 2002bc64   LIBCMTD:crt0msg.obj
 0002:00000c74       ??_C@_0P@OJAK@DOMAIN?5error?$AN?6?$AA@ 2002bc74   LIBCMTD:crt0msg.obj
 0002:00000c84       ??_C@_0CF@EANP@R6028?$AN?6?9?5unable?5to?5initialize?5he@ 2002bc84   LIBCMTD:crt0msg.obj
 0002:00000cac       ??_C@_0DF@ECGN@R6027?$AN?6?9?5not?5enough?5space?5for?5lo@ 2002bcac   LIBCMTD:crt0msg.obj
 0002:00000ce4       ??_C@_0DF@FKAC@R6026?$AN?6?9?5not?5enough?5space?5for?5st@ 2002bce4   LIBCMTD:crt0msg.obj
 0002:00000d1c       ??_C@_0CG@DPMN@R6025?$AN?6?9?5pure?5virtual?5function?5c@ 2002bd1c   LIBCMTD:crt0msg.obj
 0002:00000d44       ??_C@_0DF@CKIP@R6024?$AN?6?9?5not?5enough?5space?5for?5_o@ 2002bd44   LIBCMTD:crt0msg.obj
 0002:00000d7c       ??_C@_0CJ@GGOE@R6019?$AN?6?9?5unable?5to?5open?5console?5@ 2002bd7c   LIBCMTD:crt0msg.obj
 0002:00000da8       ??_C@_0CB@LBOB@R6018?$AN?6?9?5unexpected?5heap?5error?$AN?6@ 2002bda8   LIBCMTD:crt0msg.obj
 0002:00000dcc       ??_C@_0CN@FPEG@R6017?$AN?6?9?5unexpected?5multithread?5@ 2002bdcc   LIBCMTD:crt0msg.obj
 0002:00000dfc       ??_C@_0CM@OBIC@R6016?$AN?6?9?5not?5enough?5space?5for?5th@ 2002bdfc   LIBCMTD:crt0msg.obj
 0002:00000e28       ??_C@_0CB@HPAL@?$AN?6abnormal?5program?5termination?$AN?6@ 2002be28   LIBCMTD:crt0msg.obj
 0002:00000e4c       ??_C@_0CM@JOOB@R6009?$AN?6?9?5not?5enough?5space?5for?5en@ 2002be4c   LIBCMTD:crt0msg.obj
 0002:00000e78       ??_C@_0CK@OIBL@R6008?$AN?6?9?5not?5enough?5space?5for?5ar@ 2002be78   LIBCMTD:crt0msg.obj
 0002:00000ea4       ??_C@_0CF@LKPB@R6002?$AN?6?9?5floating?5point?5not?5load@ 2002bea4   LIBCMTD:crt0msg.obj
 0002:00000ecc       ??_C@_0CF@JPDF@Microsoft?5Visual?5C?$CL?$CL?5Runtime?5Lib@ 2002becc   LIBCMTD:crt0msg.obj
 0002:00000ef4       ??_C@_0BK@DEOK@Runtime?5Error?$CB?6?6Program?3?5?$AA@ 2002bef4   LIBCMTD:crt0msg.obj
 0002:00000f10       ??_C@_09EMDO@_getbuf?4c?$AA@ 2002bf10   LIBCMTD:_getbuf.obj
 0002:00000f1c       ??_C@_07HPAH@_file?4c?$AA@ 2002bf1c   LIBCMTD:_file.obj
 0002:00000f24       ??_C@_0L@HE@vsprintf?4c?$AA@ 2002bf24   LIBCMTD:vsnprint.obj
 0002:00000f30       ??_C@_08CNMA@winsig?4c?$AA@ 2002bf30   LIBCMTD:winsig.obj
 0002:00000f3c       ??_C@_0BD@NJFP@GetLastActivePopup?$AA@ 2002bf3c   LIBCMTD:crtmbox.obj
 0002:00000f50       ??_C@_0BA@GILI@GetActiveWindow?$AA@ 2002bf50   LIBCMTD:crtmbox.obj
 0002:00000f60       ??_C@_0M@PKCK@MessageBoxA?$AA@ 2002bf60   LIBCMTD:crtmbox.obj
 0002:00000f6c       ??_C@_08OKGP@aw_str?4c?$AA@ 2002bf6c   LIBCMTD:aw_str.obj
 0002:00000f78       ??_C@_0L@LIHO@wcstombs?4c?$AA@ 2002bf78   LIBCMTD:wcstombs.obj
 0002:00000f84       ??_C@_0N@ILLM@pwcs?5?$CB?$DN?5NULL?$AA@ 2002bf84   LIBCMTD:wcstombs.obj
 0002:00000f94       ??_C@_08MOLN@mbtowc?4c?$AA@ 2002bf94   LIBCMTD:mbtowc.obj
 0002:00000fa0       ??_C@_0CD@NPPL@MB_CUR_MAX?5?$DN?$DN?51?5?$HM?$HM?5MB_CUR_MAX?5?$DN?$DN@ 2002bfa0   LIBCMTD:mbtowc.obj
 0002:00000fc4       ??_C@_09DNOI@_filbuf?4c?$AA@ 2002bfc4   LIBCMTD:_filbuf.obj
 0002:00000fd0       ??_C@_08JKP@ungetc?4c?$AA@ 2002bfd0   LIBCMTD:ungetc.obj
 0002:00000fdc       ??_C@_0L@EEGJ@inittime?4c?$AA@ 2002bfdc   LIBCMTD:inittime.obj
 0002:00000fe8       ??_C@_09IMJJ@initnum?4c?$AA@ 2002bfe8   LIBCMTD:initnum.obj
 0002:00000ff4       ??_C@_09KPNI@initmon?4c?$AA@ 2002bff4   LIBCMTD:initmon.obj
 0002:00001000       ??_C@_0L@COIL@initctyp?4c?$AA@ 2002c000   LIBCMTD:initctyp.obj
 0002:0000100c       ??_C@_0O@GLHB@united?9states?$AA@ 2002c00c   LIBCMTD:getqloc.obj
 0002:0000101c       ??_C@_0P@IIKK@united?9kingdom?$AA@ 2002c01c   LIBCMTD:getqloc.obj
 0002:0000102c       ??_C@_0O@ILBP@united?5states?$AA@ 2002c02c   LIBCMTD:getqloc.obj
 0002:0000103c       ??_C@_0P@KBEK@united?5kingdom?$AA@ 2002c03c   LIBCMTD:getqloc.obj
 0002:0000104c       ??_C@_03IGKO@twn?$AA@      2002c04c   LIBCMTD:getqloc.obj
 0002:00001050       ??_C@_06CMKP@turkey?$AA@   2002c050   LIBCMTD:getqloc.obj
 0002:00001058       ??_C@_03PMGP@tur?$AA@      2002c058   LIBCMTD:getqloc.obj
 0002:0000105c       ??_C@_06OBJC@taiwan?$AA@   2002c05c   LIBCMTD:getqloc.obj
 0002:00001064       ??_C@_0M@EKGN@switzerland?$AA@ 2002c064   LIBCMTD:getqloc.obj
 0002:00001070       ??_C@_06PJFL@sweden?$AA@   2002c070   LIBCMTD:getqloc.obj
 0002:00001078       ??_C@_03JDMO@swe?$AA@      2002c078   LIBCMTD:getqloc.obj
 0002:0000107c       ??_C@_03COKO@svk?$AA@      2002c07c   LIBCMTD:getqloc.obj
 0002:00001080       ??_C@_05FBKI@spain?$AA@    2002c080   LIBCMTD:getqloc.obj
 0002:00001088       ??_C@_0M@BDFM@south?9korea?$AA@ 2002c088   LIBCMTD:getqloc.obj
 0002:00001094       ??_C@_0M@HNHN@south?5korea?$AA@ 2002c094   LIBCMTD:getqloc.obj
 0002:000010a0       ??_C@_03FANM@sgp?$AA@      2002c0a0   LIBCMTD:getqloc.obj
 0002:000010a4       ??_C@_09EOGO@singapore?$AA@ 2002c0a4   LIBCMTD:getqloc.obj
 0002:000010b0       ??_C@_06NHNE@russia?$AA@   2002c0b0   LIBCMTD:getqloc.obj
 0002:000010b8       ??_C@_03CKBC@prt?$AA@      2002c0b8   LIBCMTD:getqloc.obj
 0002:000010bc       ??_C@_08EJOH@pr?9china?$AA@ 2002c0bc   LIBCMTD:getqloc.obj
 0002:000010c8       ??_C@_08CHMG@pr?5china?$AA@ 2002c0c8   LIBCMTD:getqloc.obj
 0002:000010d4       ??_C@_08GGAN@portugal?$AA@ 2002c0d4   LIBCMTD:getqloc.obj
 0002:000010e0       ??_C@_06NOHH@poland?$AA@   2002c0e0   LIBCMTD:getqloc.obj
 0002:000010e8       ??_C@_03EECH@pol?$AA@      2002c0e8   LIBCMTD:getqloc.obj
 0002:000010ec       ??_C@_03DPCG@nzl?$AA@      2002c0ec   LIBCMTD:getqloc.obj
 0002:000010f0       ??_C@_02OCJK@nz?$AA@       2002c0f0   LIBCMTD:getqloc.obj
 0002:000010f4       ??_C@_06BAPG@norway?$AA@   2002c0f4   LIBCMTD:getqloc.obj
 0002:000010fc       ??_C@_0M@MMKA@new?9zealand?$AA@ 2002c0fc   LIBCMTD:getqloc.obj
 0002:00001108       ??_C@_0M@OFEA@new?5zealand?$AA@ 2002c108   LIBCMTD:getqloc.obj
 0002:00001114       ??_C@_0M@POGE@netherlands?$AA@ 2002c114   LIBCMTD:getqloc.obj
 0002:00001120       ??_C@_06KJLN@mexico?$AA@   2002c120   LIBCMTD:getqloc.obj
 0002:00001128       ??_C@_03HEJJ@mex?$AA@      2002c128   LIBCMTD:getqloc.obj
 0002:0000112c       ??_C@_05OOCK@korea?$AA@    2002c12c   LIBCMTD:getqloc.obj
 0002:00001134       ??_C@_05EEKJ@japan?$AA@    2002c134   LIBCMTD:getqloc.obj
 0002:0000113c       ??_C@_05DHEA@italy?$AA@    2002c13c   LIBCMTD:getqloc.obj
 0002:00001144       ??_C@_03DEBD@irl?$AA@      2002c144   LIBCMTD:getqloc.obj
 0002:00001148       ??_C@_07JJLD@ireland?$AA@  2002c148   LIBCMTD:getqloc.obj
 0002:00001150       ??_C@_07FGBB@iceland?$AA@  2002c150   LIBCMTD:getqloc.obj
 0002:00001158       ??_C@_07IDDB@hungary?$AA@  2002c158   LIBCMTD:getqloc.obj
 0002:00001160       ??_C@_09MGEH@hong?9kong?$AA@ 2002c160   LIBCMTD:getqloc.obj
 0002:0000116c       ??_C@_09OHNN@hong?5kong?$AA@ 2002c16c   LIBCMTD:getqloc.obj
 0002:00001178       ??_C@_07CCAK@holland?$AA@  2002c178   LIBCMTD:getqloc.obj
 0002:00001180       ??_C@_03EFD@hkg?$AA@       2002c180   LIBCMTD:getqloc.obj
 0002:00001184       ??_C@_06FLIB@greece?$AA@   2002c184   LIBCMTD:getqloc.obj
 0002:0000118c       ??_C@_0O@MEPL@great?5britain?$AA@ 2002c18c   LIBCMTD:getqloc.obj
 0002:0000119c       ??_C@_03EJIM@grc?$AA@      2002c19c   LIBCMTD:getqloc.obj
 0002:000011a0       ??_C@_07CPP@germany?$AA@   2002c1a0   LIBCMTD:getqloc.obj
 0002:000011a8       ??_C@_03CAMC@gbr?$AA@      2002c1a8   LIBCMTD:getqloc.obj
 0002:000011ac       ??_C@_06DNOH@france?$AA@   2002c1ac   LIBCMTD:getqloc.obj
 0002:000011b4       ??_C@_07IMFA@finland?$AA@  2002c1b4   LIBCMTD:getqloc.obj
 0002:000011bc       ??_C@_07LGIB@england?$AA@  2002c1bc   LIBCMTD:getqloc.obj
 0002:000011c4       ??_C@_03GOFI@dnk?$AA@      2002c1c4   LIBCMTD:getqloc.obj
 0002:000011c8       ??_C@_07ILKC@denmark?$AA@  2002c1c8   LIBCMTD:getqloc.obj
 0002:000011d0       ??_C@_03ELPA@cze?$AA@      2002c1d0   LIBCMTD:getqloc.obj
 0002:000011d4       ??_C@_03KHAN@chn?$AA@      2002c1d4   LIBCMTD:getqloc.obj
 0002:000011d8       ??_C@_05NMPB@china?$AA@    2002c1d8   LIBCMTD:getqloc.obj
 0002:000011e0       ??_C@_03MAM@che?$AA@       2002c1e0   LIBCMTD:getqloc.obj
 0002:000011e4       ??_C@_06CJAO@canada?$AA@   2002c1e4   LIBCMTD:getqloc.obj
 0002:000011ec       ??_C@_03EPD@can?$AA@       2002c1ec   LIBCMTD:getqloc.obj
 0002:000011f0       ??_C@_07GN@britain?$AA@    2002c1f0   LIBCMTD:getqloc.obj
 0002:000011f8       ??_C@_06GEHJ@brazil?$AA@   2002c1f8   LIBCMTD:getqloc.obj
 0002:00001200       ??_C@_03GOO@bra?$AA@       2002c200   LIBCMTD:getqloc.obj
 0002:00001204       ??_C@_07ECDD@belgium?$AA@  2002c204   LIBCMTD:getqloc.obj
 0002:0000120c       ??_C@_03FJGB@bel?$AA@      2002c20c   LIBCMTD:getqloc.obj
 0002:00001210       ??_C@_03DIDL@aut?$AA@      2002c210   LIBCMTD:getqloc.obj
 0002:00001214       ??_C@_07OIK@austria?$AA@   2002c214   LIBCMTD:getqloc.obj
 0002:0000121c       ??_C@_09MKKB@australia?$AA@ 2002c21c   LIBCMTD:getqloc.obj
 0002:00001228       ??_C@_03GNNO@aus?$AA@      2002c228   LIBCMTD:getqloc.obj
 0002:0000122c       ??_C@_07DLAK@america?$AA@  2002c22c   LIBCMTD:getqloc.obj
 0002:00001234       ??_C@_03IPEP@usa?$AA@      2002c234   LIBCMTD:getqloc.obj
 0002:00001238       ??_C@_02PILH@us?$AA@       2002c238   LIBCMTD:getqloc.obj
 0002:0000123c       ??_C@_02FHP@uk?$AA@        2002c23c   LIBCMTD:getqloc.obj
 0002:00001240       ??_C@_07BNFK@turkish?$AA@  2002c240   LIBCMTD:getqloc.obj
 0002:00001248       ??_C@_03MKGF@trk?$AA@      2002c248   LIBCMTD:getqloc.obj
 0002:0000124c       ??_C@_05DEAI@swiss?$AA@    2002c24c   LIBCMTD:getqloc.obj
 0002:00001254       ??_C@_07ENHD@swedish?$AA@  2002c254   LIBCMTD:getqloc.obj
 0002:0000125c       ??_C@_03IFGE@sve?$AA@      2002c25c   LIBCMTD:getqloc.obj
 0002:00001260       ??_C@_0P@NJBN@spanish?9modern?$AA@ 2002c260   LIBCMTD:getqloc.obj
 0002:00001270       ??_C@_0BA@NHDN@spanish?9mexican?$AA@ 2002c270   LIBCMTD:getqloc.obj
 0002:00001280       ??_C@_07EFLC@spanish?$AA@  2002c280   LIBCMTD:getqloc.obj
 0002:00001288       ??_C@_06KFFJ@slovak?$AA@   2002c288   LIBCMTD:getqloc.obj
 0002:00001290       ??_C@_03EBAN@sky?$AA@      2002c290   LIBCMTD:getqloc.obj
 0002:00001294       ??_C@_07JNDN@russian?$AA@  2002c294   LIBCMTD:getqloc.obj
 0002:0000129c       ??_C@_03LKIP@rus?$AA@      2002c29c   LIBCMTD:getqloc.obj
 0002:000012a0       ??_C@_03LCE@ptg?$AA@       2002c2a0   LIBCMTD:getqloc.obj
 0002:000012a4       ??_C@_03LOP@ptb?$AA@       2002c2a4   LIBCMTD:getqloc.obj
 0002:000012a8       ??_C@_0BF@KMMM@portuguese?9brazilian?$AA@ 2002c2a8   LIBCMTD:getqloc.obj
 0002:000012c0       ??_C@_0L@HNPF@portuguese?$AA@ 2002c2c0   LIBCMTD:getqloc.obj
 0002:000012cc       ??_C@_06CDNL@polish?$AA@   2002c2cc   LIBCMTD:getqloc.obj
 0002:000012d4       ??_C@_03CKDN@plk?$AA@      2002c2d4   LIBCMTD:getqloc.obj
 0002:000012d8       ??_C@_0BC@BAAE@norwegian?9nynorsk?$AA@ 2002c2d8   LIBCMTD:getqloc.obj
 0002:000012ec       ??_C@_0BB@PBHK@norwegian?9bokmal?$AA@ 2002c2ec   LIBCMTD:getqloc.obj
 0002:00001300       ??_C@_09EHKL@norwegian?$AA@ 2002c300   LIBCMTD:getqloc.obj
 0002:0000130c       ??_C@_03BLDF@nor?$AA@      2002c30c   LIBCMTD:getqloc.obj
 0002:00001310       ??_C@_03EMKB@non?$AA@      2002c310   LIBCMTD:getqloc.obj
 0002:00001314       ??_C@_03HGMI@nld?$AA@      2002c314   LIBCMTD:getqloc.obj
 0002:00001318       ??_C@_03IJLK@nlb?$AA@      2002c318   LIBCMTD:getqloc.obj
 0002:0000131c       ??_C@_06KKAE@korean?$AA@   2002c31c   LIBCMTD:getqloc.obj
 0002:00001324       ??_C@_03BHJ@kor?$AA@       2002c324   LIBCMTD:getqloc.obj
 0002:00001328       ??_C@_03LKFD@jpn?$AA@      2002c328   LIBCMTD:getqloc.obj
 0002:0000132c       ??_C@_08KCAB@japanese?$AA@ 2002c32c   LIBCMTD:getqloc.obj
 0002:00001338       ??_C@_03OLMB@its?$AA@      2002c338   LIBCMTD:getqloc.obj
 0002:0000133c       ??_C@_0O@BEAN@italian?9swiss?$AA@ 2002c33c   LIBCMTD:getqloc.obj
 0002:0000134c       ??_C@_07CBME@italian?$AA@  2002c34c   LIBCMTD:getqloc.obj
 0002:00001354       ??_C@_03BHJP@ita?$AA@      2002c354   LIBCMTD:getqloc.obj
 0002:00001358       ??_C@_03CCLJ@isl?$AA@      2002c358   LIBCMTD:getqloc.obj
 0002:0000135c       ??_C@_0O@OIFK@irish?9english?$AA@ 2002c35c   LIBCMTD:getqloc.obj
 0002:0000136c       ??_C@_09OEEF@icelandic?$AA@ 2002c36c   LIBCMTD:getqloc.obj
 0002:00001378       ??_C@_09IBNG@hungarian?$AA@ 2002c378   LIBCMTD:getqloc.obj
 0002:00001384       ??_C@_03FCHO@hun?$AA@      2002c384   LIBCMTD:getqloc.obj
 0002:00001388       ??_C@_05DOKD@greek?$AA@    2002c388   LIBCMTD:getqloc.obj
 0002:00001390       ??_C@_0N@NBPL@german?9swiss?$AA@ 2002c390   LIBCMTD:getqloc.obj
 0002:000013a0       ??_C@_0BA@MKDC@german?9austrian?$AA@ 2002c3a0   LIBCMTD:getqloc.obj
 0002:000013b0       ??_C@_06IAFA@german?$AA@   2002c3b0   LIBCMTD:getqloc.obj
 0002:000013b8       ??_C@_03LCOK@frs?$AA@      2002c3b8   LIBCMTD:getqloc.obj
 0002:000013bc       ??_C@_0N@ODNB@french?9swiss?$AA@ 2002c3bc   LIBCMTD:getqloc.obj
 0002:000013cc       ??_C@_0BA@NABK@french?9canadian?$AA@ 2002c3cc   LIBCMTD:getqloc.obj
 0002:000013dc       ??_C@_0P@CJNO@french?9belgian?$AA@ 2002c3dc   LIBCMTD:getqloc.obj
 0002:000013ec       ??_C@_06PMNM@french?$AA@   2002c3ec   LIBCMTD:getqloc.obj
 0002:000013f4       ??_C@_03BLJK@frc?$AA@      2002c3f4   LIBCMTD:getqloc.obj
 0002:000013f8       ??_C@_03LBAN@frb?$AA@      2002c3f8   LIBCMTD:getqloc.obj
 0002:000013fc       ??_C@_03EOLE@fra?$AA@      2002c3fc   LIBCMTD:getqloc.obj
 0002:00001400       ??_C@_07DLFI@finnish?$AA@  2002c400   LIBCMTD:getqloc.obj
 0002:00001408       ??_C@_03KLOL@fin?$AA@      2002c408   LIBCMTD:getqloc.obj
 0002:0000140c       ??_C@_03KNMC@esp?$AA@      2002c40c   LIBCMTD:getqloc.obj
 0002:00001410       ??_C@_03KPHI@esn?$AA@      2002c410   LIBCMTD:getqloc.obj
 0002:00001414       ??_C@_03FAMB@esm?$AA@      2002c414   LIBCMTD:getqloc.obj
 0002:00001418       ??_C@_03DPKJ@enz?$AA@      2002c418   LIBCMTD:getqloc.obj
 0002:0000141c       ??_C@_03DOPE@enu?$AA@      2002c41c   LIBCMTD:getqloc.obj
 0002:00001420       ??_C@_03GJGA@eni?$AA@      2002c420   LIBCMTD:getqloc.obj
 0002:00001424       ??_C@_0M@LJOL@english?9usa?$AA@ 2002c424   LIBCMTD:getqloc.obj
 0002:00001430       ??_C@_0L@FMNC@english?9us?$AA@ 2002c430   LIBCMTD:getqloc.obj
 0002:0000143c       ??_C@_0L@KBBK@english?9uk?$AA@ 2002c43c   LIBCMTD:getqloc.obj
 0002:00001448       ??_C@_0L@EGPP@english?9nz?$AA@ 2002c448   LIBCMTD:getqloc.obj
 0002:00001454       ??_C@_0M@PMJI@english?9ire?$AA@ 2002c454   LIBCMTD:getqloc.obj
 0002:00001460       ??_C@_0M@DCFH@english?9can?$AA@ 2002c460   LIBCMTD:getqloc.obj
 0002:0000146c       ??_C@_0M@FLHK@english?9aus?$AA@ 2002c46c   LIBCMTD:getqloc.obj
 0002:00001478       ??_C@_0BB@HNCK@english?9american?$AA@ 2002c478   LIBCMTD:getqloc.obj
 0002:0000148c       ??_C@_07ELCN@english?$AA@  2002c48c   LIBCMTD:getqloc.obj
 0002:00001494       ??_C@_03MCKK@eng?$AA@      2002c494   LIBCMTD:getqloc.obj
 0002:00001498       ??_C@_03GIPG@enc?$AA@      2002c498   LIBCMTD:getqloc.obj
 0002:0000149c       ??_C@_03DNNI@ena?$AA@      2002c49c   LIBCMTD:getqloc.obj
 0002:000014a0       ??_C@_03EEPO@ell?$AA@      2002c4a0   LIBCMTD:getqloc.obj
 0002:000014a4       ??_C@_0O@PAMI@dutch?9belgian?$AA@ 2002c4a4   LIBCMTD:getqloc.obj
 0002:000014b4       ??_C@_05NPEI@dutch?$AA@    2002c4b4   LIBCMTD:getqloc.obj
 0002:000014bc       ??_C@_03OCEJ@deu?$AA@      2002c4bc   LIBCMTD:getqloc.obj
 0002:000014c0       ??_C@_03BNDL@des?$AA@      2002c4c0   LIBCMTD:getqloc.obj
 0002:000014c4       ??_C@_03OBGF@dea?$AA@      2002c4c4   LIBCMTD:getqloc.obj
 0002:000014c8       ??_C@_06KEAI@danish?$AA@   2002c4c8   LIBCMTD:getqloc.obj
 0002:000014d0       ??_C@_03LKJC@dan?$AA@      2002c4d0   LIBCMTD:getqloc.obj
 0002:000014d4       ??_C@_05BMOA@czech?$AA@    2002c4d4   LIBCMTD:getqloc.obj
 0002:000014dc       ??_C@_03LPJK@csy?$AA@      2002c4dc   LIBCMTD:getqloc.obj
 0002:000014e0       ??_C@_03POL@cht?$AA@       2002c4e0   LIBCMTD:getqloc.obj
 0002:000014e4       ??_C@_03FKAO@chs?$AA@      2002c4e4   LIBCMTD:getqloc.obj
 0002:000014e8       ??_C@_0BE@FPEJ@chinese?9traditional?$AA@ 2002c4e8   LIBCMTD:getqloc.obj
 0002:000014fc       ??_C@_0BC@CHFL@chinese?9singapore?$AA@ 2002c4fc   LIBCMTD:getqloc.obj
 0002:00001510       ??_C@_0BD@DCMH@chinese?9simplified?$AA@ 2002c510   LIBCMTD:getqloc.obj
 0002:00001524       ??_C@_0BB@JMOE@chinese?9hongkong?$AA@ 2002c524   LIBCMTD:getqloc.obj
 0002:00001538       ??_C@_07NGFN@chinese?$AA@  2002c538   LIBCMTD:getqloc.obj
 0002:00001540       ??_C@_03PCOI@chi?$AA@      2002c540   LIBCMTD:getqloc.obj
 0002:00001544       ??_C@_03FIHP@chh?$AA@      2002c544   LIBCMTD:getqloc.obj
 0002:00001548       ??_C@_08HFLO@canadian?$AA@ 2002c548   LIBCMTD:getqloc.obj
 0002:00001554       ??_C@_07INIJ@belgian?$AA@  2002c554   LIBCMTD:getqloc.obj
 0002:0000155c       ??_C@_0L@LCCA@australian?$AA@ 2002c55c   LIBCMTD:getqloc.obj
 0002:00001568       ??_C@_0BB@BJIO@american?9english?$AA@ 2002c568   LIBCMTD:getqloc.obj
 0002:0000157c       ??_C@_0BB@DAGO@american?5english?$AA@ 2002c57c   LIBCMTD:getqloc.obj
 0002:00001590       ??_C@_08HENB@american?$AA@ 2002c590   LIBCMTD:getqloc.obj
 0002:0000159c       ??_C@_03DGJE@OCP?$AA@      2002c59c   LIBCMTD:getqloc.obj
 0002:000015a0       ??_C@_03EKFG@ACP?$AA@      2002c5a0   LIBCMTD:getqloc.obj
 0002:000015a4       ??_C@_09LNLM@osfinfo?4c?$AA@ 2002c5a4   LIBCMTD:osfinfo.obj
 0002:000015b0       ??_C@_0L@EJNO@wtombenv?4c?$AA@ 2002c5b0   LIBCMTD:wtombenv.obj
 0002:000015bc       ??_C@_07CJME@H?3mm?3ss?$AA@ 2002c5bc   LIBCMTD:strftime.obj
 0002:000015c4       ??_C@_0BE@MHI@dddd?0?5MMMM?5dd?0?5yyyy?$AA@ 2002c5c4   LIBCMTD:strftime.obj
[...]
 0001:00006490       ?UiDoomEditReset@@YAXPAUHWND__@@0H@Z 20007490 f Doom.obj
 0001:00005800       ?DisclaimerDialogProc@@YGHPAUHWND__@@IIJ@Z 20006800 f disclaim.obj
 0001:00005970       ?DisclaimerDestroy@@YAXPAUHWND__@@@Z 20006970 f disclaim.obj
 0001:000059b0       ?DisclaimerInit@@YAXPAUHWND__@@J@Z 200069b0 f disclaim.obj
 0001:00005a40       ?DisclaimerAbort@@YAXPAUHWND__@@@Z 20006a40 f disclaim.obj
 0001:00004ee0       ?DirLinkDialogProc@@YGHPAUHWND__@@IIJ@Z 20005ee0 f DirLink.obj
 0001:00005150       ?DirLinkSetInfo@@YAXPAUHWND__@@H@Z 20006150 f DirLink.obj
 0001:000051f0       ?DirLinkDestroy@@YAXPAUHWND__@@@Z 200061f0 f DirLink.obj
 0001:00005270       ?DirLinkInit@@YAXPAUHWND__@@@Z 20006270 f DirLink.obj
 0001:000053c0       ?DirLinkAbort@@YAXPAUHWND__@@H@Z 200063c0 f DirLink.obj
 0001:00005410       ?DirLinkAutoJoin@@YAXPAUHWND__@@@Z 20006410 f DirLink.obj
 0001:00005460       ?DirLinkAttemptJoin@@YAXPAUHWND__@@@Z 20006460 f DirLink.obj
 0001:000054f0       ?DirLinkCreate@@YAXPAUHWND__@@@Z 200064f0 f DirLink.obj
 0001:000055a0       ?DirLinkJoin@@YAXPAUHWND__@@@Z 200065a0 f DirLink.obj
 0001:00005690       ?DirLinkUpdateGame@@YAXPAUHWND__@@@Z 20006690 f DirLink.obj
 0001:00005710       ?DirLinkEnum@@YGHKPBD0@Z   20006710 f DirLink.obj
 0001:00005750       ?DirLinkInterpretClick@@YAXPAUHWND__@@HH@Z 20006750 f DirLink.obj
 0001:00004690       ?DiabEditWndProc@@YGJPAUHWND__@@IIJ@Z 20005690 f DiabEdit.obj
 0001:000048b0       ?DiabEditNotify@@YAXPAUHWND__@@H@Z 200058b0 f DiabEdit.obj
 0001:000048f0       ?DiabEditFlashCursor@@YAXPAUHWND__@@@Z 200058f0 f DiabEdit.obj
 0001:00004a00       ?DiabEditHandleChar@@YAXPAUHWND__@@IJ@Z 20005a00 f DiabEdit.obj
 0001:00004b80       ?DiabEditHandleKeydown@@YAXPAUHWND__@@IJ@Z 20005b80 f DiabEdit.obj
 0001:00004c30       ?DiabEditSetRestricted@@YAXPAUHWND__@@PAD@Z 20005c30 f DiabEdit.obj
 0001:00004c70       ?DiabEditCreate@@YAXPAUHWND__@@@Z 20005c70 f DiabEdit.obj
 0001:00004ce0       ?DiabEditDestroy@@YAXPAUHWND__@@@Z 20005ce0 f DiabEdit.obj
 0001:00003ec0       ?CreditsDialogProc@@YGHPAUHWND__@@IIJ@Z 20004ec0 f credits.obj
 0001:00004080       ?CreditsDestroy@@YAXPAUHWND__@@@Z 20005080 f credits.obj
 0001:00004110       ?CreditsAbort@@YAXPAUHWND__@@@Z 20005110 f credits.obj
 0001:00004150       ?CreditsInit@@YAXPAUHWND__@@J@Z 20005150 f credits.obj
 0001:00004360       ?ScrollCredits@@YAXPAUHWND__@@@Z 20005360 f credits.obj
 0001:00004440       ?CreditsDraw@@YAXPAUHWND__@@@Z 20005440 f credits.obj
 0001:00004580       ?credit_length@@YAHPAD@Z   20005580 f credits.obj
 0001:000045d0       ?credit_next@@YAPADPADH@Z  200055d0 f credits.obj
 0001:00003800       ?SelDiffSetInfo@@YAXPAUHWND__@@H@Z 20004800 f CreaDung.obj
 0001:000038e0       ?SelDiffDestroy@@YAXPAUHWND__@@@Z 200048e0 f CreaDung.obj
 0001:00003960       ?SelDiffInit@@YAXPAUHWND__@@@Z 20004960 f CreaDung.obj
 0001:00003a50       ?SelDiffAbort@@YAXPAUHWND__@@H@Z 20004a50 f CreaDung.obj
 0001:00003a80       ?SelDiffModeCreate@@YAXPAUHWND__@@@Z 20004a80 f CreaDung.obj
 0001:00003ad0       ?SelDiffMultiCreate@@YAXPAUHWND__@@@Z 20004ad0 f CreaDung.obj
 0001:00003b80       ?SelDiffAttemptCreate@@YAXPAUHWND__@@@Z 20004b80 f CreaDung.obj
 0001:00003d20       ?SelDiffInterpretClick@@YAXPAUHWND__@@HH@Z 20004d20 f CreaDung.obj
 0001:00002ac0       ?ChatCreateGameDialogProc@@YGHPAUHWND__@@IIJ@Z 20003ac0 f cr8game.obj
 0001:00002f00       ?DestroyArtwork@@YAXPAUHWND__@@@Z 20003f00 f cr8game.obj
 0001:00002fa0       ?LoadArtwork@@YAHPAUHWND__@@@Z 20003fa0 f cr8game.obj
 0001:00003070       ?DestroyDiffBtns@@YAXPAUHWND__@@@Z 20004070 f cr8game.obj
 0001:00003120       ?InitDiffBtns@@YAXPAUHWND__@@@Z 20004120 f cr8game.obj
 0001:00003220       ?DrawDiffBtn@@YAXPAUHWND__@@HH@Z 20004220 f cr8game.obj
 0001:000032b0       ?InitDefaultOptions@@YAXPAUHWND__@@@Z 200042b0 f cr8game.obj
 0001:000032f0       ?SetBtns@@YAXPAUHWND__@@H@Z 200042f0 f cr8game.obj
 0001:00003350       ?SetDesc@@YAXPAUHWND__@@JJ@Z 20004350 f cr8game.obj
 0001:00003390       ?ProcessName@@YAHPAD@Z     20004390 f cr8game.obj
 0001:00003450       ?SetFonts@@YAPAUHFONT__@@PAUHWND__@@@Z 20004450 f cr8game.obj
 0001:00002530       ?CopyProtDialogProc@@YGHPAUHWND__@@IIJ@Z 20003530 f CopyProt.obj
 0001:00002660       ?CopyProtDestroy@@YAXPAUHWND__@@@Z 20003660 f CopyProt.obj
 0001:000026d0       ?CopyProtInit@@YAHPAUHWND__@@PBD@Z 200036d0 f CopyProt.obj
 0001:000028a0       ?CopyProtAbort@@YAXPAUHWND__@@H@Z 200038a0 f CopyProt.obj
 0001:000001e0       ?ArtFontDestroyFont@@YAXPAU_artfont@@@Z 200011e0 f artfont.obj
 0001:00000330       ?ArtFontLoadFont@@YAXPAU_artfont@@PBD1@Z 20001330 f artfont.obj
 0001:00028900       _findenv                   20029900 f LIBCMTD:setenv.obj
 0001:00028980       _copy_environ              20029980 f LIBCMTD:setenv.obj
 0001:000281b0       _wcsncnt                   200291b0 f LIBCMTD:aw_cmp.obj
 0001:000285d0       _strncnt                   200295d0 f LIBCMTD:aw_cmp.obj
 0001:000279e0       _wcstoxl                   200289e0 f LIBCMTD:wcstol.obj
 0001:000267f0       __expandtime               200277f0 f LIBCMTD:strftime.obj
 0001:00026e20       __store_str                20027e20 f LIBCMTD:strftime.obj
 0001:00026e70       __store_num                20027e70 f LIBCMTD:strftime.obj
 0001:00026f20       __store_number             20027f20 f LIBCMTD:strftime.obj
 0001:00026fd0       __store_winword            20027fd0 f LIBCMTD:strftime.obj
 0001:00025600       _flsall                    20026600 f LIBCMTD:fflush.obj
 0001:00024af0       _trans_lang_lang           20025af0 f LIBCMTD:getqloc.obj
 0001:00024b80       _trans_ctry_ctry           20025b80 f LIBCMTD:getqloc.obj
 0001:00024c10       _trans_ctry_lang           20025c10 f LIBCMTD:getqloc.obj
 0001:00024c90       _testSpecialCtry           20025c90 f LIBCMTD:getqloc.obj
 0001:00024cc0       _match_ctry_lang           20025cc0 f LIBCMTD:getqloc.obj
 0001:00023fd0       __get_lc_lconv             20024fd0 f LIBCMTD:initmon.obj
 0001:000241e0       _fix_grouping              200251e0 f LIBCMTD:initmon.obj
 0001:00024260       __free_lc_lconv            20025260 f LIBCMTD:initmon.obj
 0001:00023e20       _fix_grouping              20024e20 f LIBCMTD:initnum.obj
 0001:00023110       __get_lc_time              20024110 f LIBCMTD:inittime.obj
 0001:000236a0       __free_lc_time             200246a0 f LIBCMTD:inittime.obj
 0001:000239b0       _storeTimeFmt              200249b0 f LIBCMTD:inittime.obj
 0001:000210c0       _wcsncnt                   200220c0 f LIBCMTD:wcstombs.obj
 0001:000205b0       _ctrlevent_capture@4       200215b0 f LIBCMTD:winsig.obj
 0001:000208a0       _siglookup                 200218a0 f LIBCMTD:winsig.obj
 0001:00020350       _$$$00001                  20021350 f LIBCMTD:chkstk.obj
 0001:0001fed0       _xtoa                      20020ed0 f LIBCMTD:xtoa.obj
 0001:00020050       _x64toa@20                 20021050 f LIBCMTD:xtoa.obj
 0001:0001ec00       _getSystemCP               2001fc00 f LIBCMTD:mbctype.obj
 0001:0001ec60       _CPtoLCID                  2001fc60 f LIBCMTD:mbctype.obj
 0001:0001ece0       _setSBCS                   2001fce0 f LIBCMTD:mbctype.obj
 0001:0001e4b0       _parse_cmdline             2001f4b0 f LIBCMTD:stdargv.obj
 0001:0001d6a0       __setlocale_set_cat        2001e6a0 f LIBCMTD:setlocal.obj
 0001:0001d830       __setlocale_get_all        2001e830 f LIBCMTD:setlocal.obj
 0001:0001cca0       _wcsncnt                   2001dca0 f LIBCMTD:aw_map.obj
 0001:0001cfc0       _strncnt                   2001dfc0 f LIBCMTD:aw_map.obj
 0001:0001c83c       __unwind_handler           2001d83c f LIBCMTD:exsup.obj
 0001:0001c7c0       _xcptlookup                2001d7c0 f LIBCMTD:winxfltr.obj
 0001:0001c4c0       _doexit                    2001d4c0 f LIBCMTD:crt0dat.obj
 0001:0001c5d0       __initterm                 2001d5d0 f LIBCMTD:crt0dat.obj
 0001:0001a6d0       _realloc_help              2001b6d0 f LIBCMTD:dbgheap.obj
 0001:0001b310       _CheckBytes                2001c310 f LIBCMTD:dbgheap.obj
 0001:0001bf00       __printMemBlockData        2001cf00 f LIBCMTD:dbgheap.obj
 0001:0001a000       __hextodec                 2001b000 f LIBCMTD:input.obj
 0001:0001a060       __inc                      2001b060 f LIBCMTD:input.obj
 0001:0001a0c0       __un_inc                   2001b0c0 f LIBCMTD:input.obj
 0001:0001a0e0       __whiteout                 2001b0e0 f LIBCMTD:input.obj
 0001:00018180       __tzset_lk                 20019180 f LIBCMTD:tzset.obj
 0001:00018510       __isindst_lk               20019510 f LIBCMTD:tzset.obj
 0001:00018810       _cvtdate                   20019810 f LIBCMTD:tzset.obj
 0001:00017d10       _CrtMessageWindow          20018d10 f LIBCMTD:dbgrpt.obj
 0001:00017700       _write_char                20018700 f LIBCMTD:output.obj
 0001:00017780       _write_multi_char          20018780 f LIBCMTD:output.obj
 0001:000177c0       _write_string              200187c0 f LIBCMTD:output.obj
 0001:00017810       _get_int_arg               20018810 f LIBCMTD:output.obj
 0001:00017830       _get_int64_arg             20018830 f LIBCMTD:output.obj
 0001:00017850       _get_short_arg             20018850 f LIBCMTD:output.obj
 0001:00015fc0       __threadstart@4            20016fc0 f LIBCMTD:thread.obj
 0001:00015c60       _$$$00001                  20016c60 f LIBCMTD:strchr.obj

FIXUPS: 16877 34 fffffd31 2a 45 4b bf7 20 2f 16 10 1b fffffbee 17 77 12
FIXUPS: 16ffe 2e 20 10 38 10 22 fffffc96 2a 33 1a fffffc43 2d 18 1c 1e
FIXUPS: 16aa4 fffffecb fffffd5b 85 69 33 c99 31 8 5b 9 17 1c 5 c 5 5 5
FIXUPS: 17579 3d 7 f 5 5 5 15 7e 1e 1e 1d 68 9 fffffca9 24 a 23 fffffdbd
FIXUPS: 17218 b6b 18 21 34 30 a8 e2 142 ba 31 1e 2a 1b 116 25 122 1e 30
FIXUPS: 1855a 32 22 26 177 55 53 ffffef7d 108 10 3e 54 4d 28 112f 18 38
FIXUPS: 18b24 2b 14 2e 18 18 7a 63 34 47 1e d 2f 15 11 1d 21 14 26 19d
FIXUPS: 18fc6 19 19 a ffffeac4 34 24 cb 67 151e 7 1b 2b 17 af 16 3e e 15
FIXUPS: 19310 c 18 17 a 15 3b 5b 52 6c 29 c d b0 53 66 53 25 23 fffff9b3
FIXUPS: 18989 10b 1d78 c1 24 e5 39 76 4a 3d 76 6c 62 20 77 27 70 46 31
FIXUPS: 1ae2a 44 35 1c 157 8a 32 24 f ffffe921 29 fffff6e0 11 14 12 206e
FIXUPS: 19c36 2d 47 4a 9 19 a4 1aa 1d 118 1de 32 97 1f 58 a8 28 33 43 64
FIXUPS: 1a5a7 41 12 2f 4d 23 10 70 24 5a 46 22ec 33 49 10e 1a a1 20 31
FIXUPS: 1cd87 4f 3a 31 18 45 18 f 1a 88 69 2a 34 39 16 7c 2a 28 ffffdfda
FIXUPS: 1b156 21 1f d 21 10a2 5a 1f 93 57 8 51 2b 28 28 28 16 94 2b 32
FIXUPS: 1c5f7 39 20 49 33 22 67 47 80 1f 5e 15 4d 5a 11 5c 1b fffff2b9
FIXUPS: 1bca6 a 24 1c 50 1d 1f 62 34 3b 2b 3b 45 2b c 41 6b 56 36 c 2b
FIXUPS: 1c0ba 2c 1c 16 c 1f 62 51 1f 45 fffff375 33 2f 51 15 1e d 35 21
FIXUPS: 1b733 1c 6b 28 32 4f 18 1f 5b 66 25 25 b3 19 59 5f 54 85 15 1e
FIXUPS: 1bc42 18 20 194c fffffbaf 2a 2e 37 81 2a 21 62 1a 1a 1a 1a 1a e
FIXUPS: 1b1f4 26 28 15 18 d 1d 25 2f 1c 69 28 5f 54 21 128 1e 26a7 e 13
FIXUPS: 1dc8a eb 9b c9 a3 e 13 e fffff9c4 d 11 2f 25 fffffe4f fffffdd7
FIXUPS: 1d61a fffffe03 12 1d 20 1e 20 1b 77 12 13 19 b 31 1428 26 2e 1b
FIXUPS: 1ea61 19 19 11 67 27 40 2a 45 2e 33 4a 25 2b fffff3d4 60 13 a 34
FIXUPS: 1e16b 6a 2c 44 2c fffff7f4 a0 7c 78 7a5 48 51 19 2f 2d 39 21 5a
FIXUPS: 1e598 47 17 31 11 1a 22 10 43 26 c 47 1b 40 3e 31 4e 4e 1a 25 2a
FIXUPS: 1e9aa 19 f66 10a 45 ff 4c 15 7 e 179 fffff6d2 1b 13 22 fffffe50
FIXUPS: 1f300 1f 29 26 17 12 1c fffffb35 13 e8 29a fffffacc 1c 13 6d a5
FIXUPS: 1e2cf 43 2339 11 4c fffffc8c 1c 77 6e 57 15 17 1d 14 13 14 1a 19
FIXUPS: 20235 fffffc0a 2e 88 2f 69 1a 16 12a 4a 94 2b fffff6f9 c 18 15
FIXUPS: 2103d 4a 17 a8 fffffb52 21 13 50 5e fffffde7 35 18 a6 10 fffffdca
FIXUPS: 20a65 fffffccd b 14 14 f 6d 1a2 b 10 3e b fffffbfb b 14 14 f ddf
FIXUPS: 21485 24 27 2a 17 58 50 44 1d 16 c4 13 28 16 1d a 99 ff 10 fffff962
FIXUPS: 212a0 44 4b fffffe4d 2a 44 4b fffffc69 18 11b 21 127a 13 4a de
FIXUPS: 223e5 fffffd52 c d 2e 29 19 2c fffffb8c 24 13 62 3e 6b 60 64 54
FIXUPS: 2205e 3b fffffa38 5d 98 e e 103 59 fffff679 43 19e3 fffffe51 48
FIXUPS: 22c9f 3e f d fffffebe 1b fffffe4c 18 10 f 39 5f fffffd43 82 2a
FIXUPS: 22417 4d 40 40 43 4d 40 43 50 50 4d 65 60 fffffa9f 1457 a3 102
FIXUPS: 2395d fffff731 8 12 27 b 2a ffffff0d 14 1d a c fffffdb9 17 43 14
FIXUPS: 22eb6 1b 40 14 59 14 a c 39 fffffd8f 14 36 14 1a2c 11 11 11 11
FIXUPS: 2484f 11 11 11 11 11 11 11 14 14 14 14 14 14 14 14 14 14 14 36
FIXUPS: 249f4 1c 2c 11b ffffe75a 236 11a ef0 1f 22 22 22 22 22 22 22 22
FIXUPS: 24642 22 18 3c 11 11 11 11 11 10 11 11 11 11 11 11 11 11 11 11
FIXUPS: 247d8 11 fffff8fa 11 5e 1f 1f 1f 1f 1f 1c 1f 1f 1f 1f 1f 1f 1f
FIXUPS: 24301 1f 1f 1f 1f 1f 1f 1f 1f 1f 1f 1f 1f 1f 1f 1f cd6 1f bd 11
FIXUPS: 252a6 11 11 11 11 fffff8b9 1d 1d 17 16 11 11 46 13 14 5b 11 10
FIXUPS: 24d49 30 16 3b fffff288 1f 10 e 1e 11 14fa 22 17 e 15 e e e 2b
FIXUPS: 2567a fffff845 1f 10 e 4c 11 4f 11 4d 1f 1f 1f 1f 17 17 1f 1f 1f
FIXUPS: 2512c 1f 1f 1f 1053 b 66 2f e b 18 31 3d 2f fffff43c 41 52 1d 22
FIXUPS: 258e2 92 6a 1b 89 2c 29 54 90 6c fffff716 1f 19 19 19 106 65 161e
FIXUPS: 26b73 ffffff4b fffffc88 fffffd57 e c f 22 28 78 6e 21 68 33 40
FIXUPS: 26717 f fffffc9a 5c 41 1f fffff995 82 2f 83 7d 11 b8 b d6 b 182b
FIXUPS: 279cc 28 45 2d 2d 28 28 1c 29 41 84 3a 24 31 36 50 a 21 164 31c
FIXUPS: 281cd 110 ffffe8e5 b 14 14 f 137 b 23 2c5 38a 1c 1c 1b 36 3a 9
FIXUPS: 274b2 9 48 9 2e 9 2e 9 2c 9 2c 9 2c 9 3d 54 84 8d 7e 23 23 23 3a
FIXUPS: 2792d 24 1043 13 fffffab5 33 2c 32 20 2e 14 1b 43 6f ffffea8d 15
FIXUPS: 270d9 50 9 2e 9 71 15 1b 51 9 2e 9 6e 15 37 15 1e 14 1f05 fc 140
FIXUPS: 2954f 5c e fffff8a9 17 2e 2d a 16 fffffe11 31 c f 4c 27 f f 27
FIXUPS: 289d2 3c 136 27 11 d8 7e fffffaa7 88 13 ea 11ef 14 8e 2c fffffa79
FIXUPS: 29679 29 3a 40 3e 33 4b 59 5a c 19 42 3c a7 19 28 c 21 fffff542
FIXUPS: 28f9e e4 81 63 e 13 e f3 fffd80c8 18 e d e 11 19 9b 2d 2b0 d4 2865f
FIXUPS: 29e75 58 28 29 fffffeaf 3a fffffeab b 14 c f 1e 1b c 10 29 2d fffffea3
FIXUPS: 29c6e fffffe62 fffd9772 19 2a 54 15b 25 2b ffffdc17 7 7 7 7 7 7
FIXUPS: 10cc 9d d d d d d d d 68 47 17 17 17 17 17 17 17 1158 7b 2b 26
FIXUPS: 256d dc 2d 42 59 124 69 7f 61 bc 35 5b e2 157 18 51 5d 53 4a 61
FIXUPS: 2f24 3b 16 1e5 25 3b 4f e ffffeb7c 16 16 33 30 46 19 19 19 19 19
FIXUPS: 1efe 19 19 19 16 16 16 16 16 32 12b 145 7 34 15 5c 17 16 b0 5e
FIXUPS: 2458 13d1 1e 18 55 ffffdfb3 30 3f 37 30 4c 14 16 17 7a 13 80 1d
FIXUPS: 1c25 19 19 19 19 19 19 19 19 19 19 19 19 16 16 220a 70 16 21 14
FIXUPS: 405e 8b 1b 7b 22 60 f 85 88 23 5f 3f 53 fffff079 48 12 75 a 15
FIXUPS: 35f0 10 10 10 18 1c 1a0 11 e6 2f 18 6e 17 52 37 63 11c 2a 16 11
FIXUPS: 3c46 55 9 12 c b 8a 10 24 43 28 15 c 65 c c c 4f 37 30 a01 1c a
FIXUPS: 498c 5 3f 11 13 13 13 15 15 10 b d 25 1f e 5c 33 18 e 7a 7f f 93
FIXUPS: 4d40 10 26 12 51 1e 603 18 57 b 21 4f 53 20 14 fffff02f 28 10 16
FIXUPS: 460d 1b 1e 2e e 17 1d 1a 1c 16d 13 53 13 1b 11 11 11 11 15 13f6
FIXUPS: 4e96 12 d2 15 29 d d 35 15 16 10 18 1c 1d 31 1c 38 e 7 e 43 58
FIXUPS: 5215 e 57 24 29 14 42 1c e a57 30 5 5 5 17 5 49 5 7 fffff7da 27
FIXUPS: 5766 11 23 19 24 11 13 24 4d e4 48 38 10d 8d 5f 51 40 28 2d 3c
FIXUPS: 63a2 15 d 9 e b b 7 10 3e f 46 17 31 20 1d 56 12 4a 18 35 f 4c
FIXUPS: 66bd 37 e 23 11 3a 10 26 12 fffff928 e e c 1a 1c 89 13 23 11 11
FIXUPS: 6230 11 15 8 5 17 12 9 11 c 12 5 3f e 11 13 13 13 15 15 c 54d 30
FIXUPS: 691d d 1a 1c 1d 11 15 12 3f e 13 13 20 a e fffff437 1f 8 c3 28
FIXUPS: 5fb9 16 25 1b 1e 2e 11 24 f d fcb 3a 39 4e 58 2d c 19 25 20 59
FIXUPS: 72a6 10 c c 6a e 7 1b c 5c 35 39 42 24 c c 54 fffff2cf 12 b4 15
FIXUPS: 7a3a fffff06a 2e 10 c 10 25 20 74 30 14 1f 17 59 39 32 34 43 c8
FIXUPS: 6e74 29 c 10 25 20 52 2f 10 c 19 25 20 eeb 3d 15 fffff680 10 16
FIXUPS: 760a e 17 17 1a 1c 118 e 11 11 17 4d 15 13 d 12 44 62 f b 35 3d
FIXUPS: 79b6 3a 12 26 815 32 2c 2a 1f fffff7f2 10 16 3e 12 39 12 e 16 17
FIXUPS: 7bec 1c 11c e 11 11 15 2b 3e 2c 15 13 d 12 2a 35 b 16c2 ffffed99
FIXUPS: 83ed 58 9 9e 65 a1 37 9 73 69 11 9b 1d fffff782 21 21 d 8b 16 19
FIXUPS: 808a a9 f 16 5 7 5 5b 40 2b 926 f3 44 6c 1a 2a 1a 2a 1a 2a 1d 2a
FIXUPS: 8e28 d7 10 d9 1a7 cd 6e 1b 2d 3a 28 24 26 1c cc 30 27 1c 16 1d
FIXUPS: 9e44 a4 15 12 12 12 12 fffff679 89 e b e 1e 18 e 1f d5 30 45 28
FIXUPS: 880e 96 c7 27 24 5b 2d 2c 39 70 1c e 109c e 11 15 8 23 f 1e 39
FIXUPS: 9cac 34 15 d 12 9 11 c 12 9 11 24 5 17 1d d 11 1d b e b b 7 bc4
FIXUPS: aa8a 28 2e 16 48 2e e 2f ffffed5a 8 1d 2d 11 e cc 27 25 10 2c 11
FIXUPS: 9aea 15 25 d 34 e a 11 1a 1c 10 8a4 5 3f e 13 13 13 c 79 78 3f
FIXUPS: a64d 10 1b e 7 10 29 1d 84 1f 79 c 1e 8 a 2c b1 32 2e 2b 2a 56d
FIXUPS: af86 13 fffff0da 13 41 13 2b 11 41 a1 4f 1f 8 b1 11 26 10 10 c
FIXUPS: a38f 10 1a 1c 18 11 11 15 8 1d 11 c 114c 50 50 b5 fffff4c6 3e 8c
FIXUPS: acbc 10 1e 1e 11 e 19 8 19 13 1a 1c 27 8 e 11 1f 3f 13 15 d 12
FIXUPS: aeab 64 b ef4 5 fffff261 9e 71 a 17 1d 15 54 10 10 10 21 22 1c
FIXUPS: b2f6 30 8e 31 a 15 18 2c a 19 16 1b 39 3f 40 d 354 1b 18 1c 32
FIXUPS: b966 31 31 30 4d 11 22 a 19 a 15 17 13 1a 17 17 42 39 b b6 3f 81
FIXUPS: bd3a 21 7 17 e ba9 37 6d 2d a b 25 fffff649 7e 5c 6e 5b 66 3e 18
FIXUPS: c2fe 1b 76 27 27 27 1b fffff37d 16 93 7 17 e 16 12 a 6 2806 b ffffe400
FIXUPS: c4e2 10 16 27 1d 1e 3e 12 39 12 e e 17 1a 1c 116 e 11 11 15 2b
FIXUPS: c832 2a 13 15 15 d 12 17 1434 10 16 12 27 a 29 14 7 a 44 f 27 1d
FIXUPS: de57 8 24 6 5e 3c 10 29 12 29 28 31 11 11 11 5e e 12 fffff440 e
FIXUPS: d4fd 37 349 e 2b 13 d 19 c 15a e 1f 13 d 19 c 72 56 14 20 13 38
FIXUPS: dc73 14 20 13 20 9 e b fffff30a 8 5 24 39 19 d 12 9 11 c 12 5 3f
FIXUPS: d132 13 13 13 15 15 23 10 11 3c 4a 15 13 b0 22 15e e e fffff598
FIXUPS: cb4b 28 10 16 c 25 1c 1d 2d 1d 10 11 11 22 d 2b e 1a 1c b5 cf 13
FIXUPS: cec4 15 b4 f 11 11 11 11 11 1738 39 d 38 2f 4c 6 a 46 15 41 15
FIXUPS: e920 12 e 13 15 15 8 d 17 9 3c 78 31 1c 1a 51 52 12 26 12 fffff5fe
FIXUPS: e1da 19 89 28 10 16 27 1d 1e 2e e 17 2b e 1a 1c 15a 42 76 1d 11
FIXUPS: e63f 8 14 28 b b 3d d 29 e 192c c 12 5 3f e 17 13 13 13 c 15 3d
FIXUPS: 101b1 44 12 1c 39 4d 12 25 1f ffffe918 21 d 3d 25 25 25 fffff446
FIXUPS: e14c 5b 1a63 1a 5e 1a 40 24 20 15 37 70 23 1d 25 2f 34 18 23 10
FIXUPS: ff1d 11 11 e 2a 1c 8 2c 21 e 7 10 1c c fffff4bf 17 28 1e 10 c d
FIXUPS: f58a 1a 1c 3a 7d 30 5d 2b 3e 2c 59 48 36 2c 40 13 6d 2e 4d 36 12
FIXUPS: fb20 1a 60 3f fffff2e6 54 30 23 25 49 49 49 49 49 15 13 40 13 22
FIXUPS: f1a4 49 c 13 6a 1b 8b 4d 12 25 b8 11 26 13 13 13 13 26e5 38 f 35
FIXUPS: 11c4e 10 c9 19 4b 2a 63 18 37 f 4e 2f 10 29 12 29 28 31 11 11 11
FIXUPS: ed68 8a 2b 2b 2b 2b e 280d d 19 c 15a e 1f 13 d 19 c 72 56 14 20
FIXUPS: 119c6 38 65 14 20 13 1e e b b 7 10 4e 16 e 19 15 fffff314 b4 d
FIXUPS: 10f8a 9 11 c 12 5 3f e 8 4c 13 13 15 15 12 8a f 15 e 187 e e e
FIXUPS: 11345 e 56 2c4 e 2b fffff23f 13 1c 15 bb 13 c 21 57 c 89 70 20
FIXUPS: 10bc5 39 16 12 11f 3c 3f 22 18 1b 11 11 11 11 11 15 8 5 7 fffff503
FIXUPS: 1039e dd 28 10 16 c 25 1c 1d 2d 1d 10 11 11 22 d 31 e e 1a 1c ab
FIXUPS: 1071f 2a 22 13 35 24 1a 1e 13 2658 c 73 56 14 20 13 38 38 2c 14
FIXUPS: 13066 13 1b b d 37 12 29 12 29 c 6 15 29 28 31 11 11 11 ffffd0f6
FIXUPS: 10377 22d1 8 15 d 12 e 8 9c 31 166 e e e e e 56 354 e e d f 13
FIXUPS: 12d15 19 c 1b a5 1a e 1f 13 d fffff333 15 2c 1a 10 e e 17 1a 1c
FIXUPS: 1238d 8 e 11 11 11 15 7b 17 17 17 13 1d 9 f 37 6e 8 3d 2c 15 15
FIXUPS: 133b3 3b 12 e e 17 1a 1c 11b e 11 11 15 48 2a 13 15 15 d 12 d b
FIXUPS: 136d4 ffffe9eb 28 10 16 c 27 1e 1d 13 2581 13 d c 6e 53 14 13 2b
FIXUPS: 148b0 14 13 20 b 52 2f 12 29 12 29 28 31 11 11 11 ffffe845 28 10
FIXUPS: 13329 1e 1d 3d a51 15 14 18 a5 8 3f 13 13 13 15 15 12 12 e a2 31
FIXUPS: 141e7 e e e e e 37 349 e 2b 13 d c d0 e fffff1e5 f 33 39 23 37
FIXUPS: 139e6 1e 12 3c e 13 97 28 10 c 25 1e 1e 2c 1a 10 e e 17 1a 1c 12f
FIXUPS: 13dae 11 11 11 f20 11 e 11 1e 39 8 27 48 30 15 16 a f e 13 b 3a
FIXUPS: 14f29 76 ffffe781 20 a 7 14 2f 15 13 3f 5e 34 13 1a66 3f e 57 24
FIXUPS: 153f7 14 42 1c e b3 18 57 b 21 4f 53 20 14 fffff44e 80 28 10 3e
FIXUPS: 14bef 1e 21 11 e 1a 55 1c 1059 11 c 12 1d 14 17 e b 7 e fffff1f0
FIXUPS: 14fd8 d2 15 29 d d 35 15 16 10 18 1c 1d 31 1c 38 e 7 e 43 b7b 20
FIXUPS: 15835 24 4c 36 5e 39 28 11 9e 1d 1e 10 12 de 15 49 18 c d 24 e
FIXUPS: 15c5f 1c 19 e 15 e 3f e 13
